Archive member included to satisfy reference by file (symbol)

C:/pio_build/els-7e2-lcd2004/black_f407ze/lib302/libWire.a(Wire.cpp.o)
                              C:/pio_build/els-7e2-lcd2004/black_f407ze/src/main.cpp.o (TwoWire::setClock(unsigned long))
C:/pio_build/els-7e2-lcd2004/black_f407ze/lib302/libWire.a(twi.c.o)
                              C:/pio_build/els-7e2-lcd2004/black_f407ze/lib302/libWire.a(Wire.cpp.o) (i2c_init)
C:/pio_build/els-7e2-lcd2004/black_f407ze/lib0ae/libLiquidCrystal_I2C.a(LiquidCrystal_I2C.cpp.o)
                              C:/pio_build/els-7e2-lcd2004/black_f407ze/src/main.cpp.o (LiquidCrystal_I2C::LiquidCrystal_I2C(unsigned char, unsigned char, unsigned char))
C:/pio_build/els-7e2-lcd2004/black_f407ze/liba69/libEEPROM.a(stm32_eeprom.c.o)
                              C:/pio_build/els-7e2-lcd2004/black_f407ze/src/main.cpp.o (eeprom_read_byte)
C:/pio_build/els-7e2-lcd2004/black_f407ze/libFrameworkArduino.a(Print.cpp.o)
                              C:/pio_build/els-7e2-lcd2004/black_f407ze/lib0ae/libLiquidCrystal_I2C.a(LiquidCrystal_I2C.cpp.o) (Print::write(unsigned char const*, unsigned int))
C:/pio_build/els-7e2-lcd2004/black_f407ze/libFrameworkArduino.a(Stream.cpp.o)
                              C:/pio_build/els-7e2-lcd2004/black_f407ze/lib302/libWire.a(Wire.cpp.o) (Stream::readBytes(char*, unsigned int))
C:/pio_build/els-7e2-lcd2004/black_f407ze/libFrameworkArduino.a(WInterrupts.cpp.o)
                              C:/pio_build/els-7e2-lcd2004/black_f407ze/src/main.cpp.o (attachInterrupt(unsigned long, std::function<void ()>, unsigned long))
C:/pio_build/els-7e2-lcd2004/black_f407ze/libFrameworkArduino.a(WString.cpp.o)
                              C:/pio_build/els-7e2-lcd2004/black_f407ze/libFrameworkArduino.a(Stream.cpp.o) (String::String(char const*))
C:/pio_build/els-7e2-lcd2004/black_f407ze/libFrameworkArduino.a(dtostrf.c.o)
                              C:/pio_build/els-7e2-lcd2004/black_f407ze/libFrameworkArduino.a(WString.cpp.o) (dtostrf)
C:/pio_build/els-7e2-lcd2004/black_f407ze/libFrameworkArduino.a(itoa.c.o)
                              C:/pio_build/els-7e2-lcd2004/black_f407ze/libFrameworkArduino.a(WString.cpp.o) (ltoa)
C:/pio_build/els-7e2-lcd2004/black_f407ze/libFrameworkArduino.a(main.cpp.o)
                              /home/alpri/.platformio/packages/toolchain-gccarmnoneeabi/bin/../lib/gcc/arm-none-eabi/12.3.1/../../../../arm-none-eabi/lib/thumb/v7e-m+fp/hard/crt0.o (main)
C:/pio_build/els-7e2-lcd2004/black_f407ze/libFrameworkArduino.a(pins_arduino.c.o)
                              C:/pio_build/els-7e2-lcd2004/black_f407ze/lib302/libWire.a(Wire.cpp.o) (pinNametoDigitalPin)
C:/pio_build/els-7e2-lcd2004/black_f407ze/libFrameworkArduino.a(startup_stm32yyxx.S.o)
                              (Reset_Handler)
C:/pio_build/els-7e2-lcd2004/black_f407ze/libFrameworkArduino.a(wiring_analog.c.o)
                              C:/pio_build/els-7e2-lcd2004/black_f407ze/src/main.cpp.o (analogRead)
C:/pio_build/els-7e2-lcd2004/black_f407ze/libFrameworkArduino.a(wiring_digital.c.o)
                              C:/pio_build/els-7e2-lcd2004/black_f407ze/src/linear_encoders.cpp.o (pinMode)
C:/pio_build/els-7e2-lcd2004/black_f407ze/libFrameworkArduino.a(wiring_time.c.o)
                              C:/pio_build/els-7e2-lcd2004/black_f407ze/src/linear_encoders.cpp.o (millis)
C:/pio_build/els-7e2-lcd2004/black_f407ze/libFrameworkArduino.a(WSerial.cpp.o)
                              C:/pio_build/els-7e2-lcd2004/black_f407ze/libFrameworkArduino.a(main.cpp.o) (serialEventRun())
C:/pio_build/els-7e2-lcd2004/black_f407ze/libFrameworkArduino.a(board.c.o)
                              C:/pio_build/els-7e2-lcd2004/black_f407ze/libFrameworkArduino.a(main.cpp.o) (init)
C:/pio_build/els-7e2-lcd2004/black_f407ze/libFrameworkArduino.a(hooks.c.o)
                              C:/pio_build/els-7e2-lcd2004/black_f407ze/libFrameworkArduino.a(wiring_time.c.o) (yield)
C:/pio_build/els-7e2-lcd2004/black_f407ze/libFrameworkArduino.a(HardwareSerial.cpp.o)
                              C:/pio_build/els-7e2-lcd2004/black_f407ze/libFrameworkArduino.a(WSerial.cpp.o) (HardwareSerial::available())
/home/alpri/.platformio/packages/toolchain-gccarmnoneeabi/bin/../lib/gcc/arm-none-eabi/12.3.1/thumb/v7e-m+fp/hard/libgcc.a(_arm_muldf3.o)
                              C:/pio_build/els-7e2-lcd2004/black_f407ze/SrcWrapper/src/HardwareTimer.cpp.o (__aeabi_dmul)
/home/alpri/.platformio/packages/toolchain-gccarmnoneeabi/bin/../lib/gcc/arm-none-eabi/12.3.1/thumb/v7e-m+fp/hard/libgcc.a(_arm_addsubdf3.o)
                              C:/pio_build/els-7e2-lcd2004/black_f407ze/libFrameworkArduino.a(Print.cpp.o) (__aeabi_dsub)
/home/alpri/.platformio/packages/toolchain-gccarmnoneeabi/bin/../lib/gcc/arm-none-eabi/12.3.1/thumb/v7e-m+fp/hard/libgcc.a(_arm_muldivdf3.o)
                              C:/pio_build/els-7e2-lcd2004/black_f407ze/SrcWrapper/src/HardwareTimer.cpp.o (__aeabi_ddiv)
[...]
Memory Configuration

Name             Origin             Length             Attributes
*default*        0x00000000         0xffffffff
CCMRAM           0x10000000         0x00010000         xrw
RAM              0x20000000         0x00020000         xrw
FLASH            0x08000000         0x00080000         xr

Linker script and memory map

                0x20020000                        _estack = (ORIGIN (RAM) + LENGTH (RAM))
                0x00000200                        _Min_Heap_Size = 0x200
                0x00000400                        _Min_Stack_Size = 0x400

.isr_vector     0x08000000      0x188
                0x08000000                        . = ALIGN (0x4)
 *(.isr_vector)
 .isr_vector    0x08000000      0x188 C:/pio_build/els-7e2-lcd2004/black_f407ze/libFrameworkArduino.a(startup_stm32yyxx.S.o)
                0x08000000                g_pfnVectors
                0x08000188                        . = ALIGN (0x4)

.text           0x08000190     0x9dbc
                0x08000190                        . = ALIGN (0x4)
 *(.text)
 .text          0x08000190       0x30 /home/alpri/.platformio/packages/toolchain-gccarmnoneeabi/bin/../lib/gcc/arm-none-eabi/12.3.1/thumb/v7e-m+fp/hard/libgcc.a(_aeabi_uldivmod.o)
                0x08000190                __aeabi_uldivmod
 .text          0x080001c0        0x4 /home/alpri/.platformio/packages/toolchain-gccarmnoneeabi/bin/../lib/gcc/arm-none-eabi/12.3.1/thumb/v7e-m+fp/hard/libgcc.a(_dvmd_tls.o)
                0x080001c0                __aeabi_ldiv0
                0x080001c0                __aeabi_idiv0
 .text          0x080001c4       0x10 /home/alpri/.platformio/packages/toolchain-gccarmnoneeabi/bin/../lib/gcc/arm-none-eabi/12.3.1/../../../../arm-none-eabi/lib/thumb/v7e-m+fp/hard/libc_nano.a(libc_a-strlen.o)
                0x080001c4                strlen
 *fill*         0x080001d4        0xc 
 .text          0x080001e0       0xa0 /home/alpri/.platformio/packages/toolchain-gccarmnoneeabi/bin/../lib/gcc/arm-none-eabi/12.3.1/../../../../arm-none-eabi/lib/thumb/v7e-m+fp/hard/libc_nano.a(libc_a-memchr.o)
                0x080001e0                memchr
 *(.text*)
 .text.__do_global_dtors_aux
                0x08000280       0x24 /home/alpri/.platformio/packages/toolchain-gccarmnoneeabi/bin/../lib/gcc/arm-none-eabi/12.3.1/thumb/v7e-m+fp/hard/crtbegin.o
 .text.frame_dummy
                0x080002a4       0x1c /home/alpri/.platformio/packages/toolchain-gccarmnoneeabi/bin/../lib/gcc/arm-none-eabi/12.3.1/thumb/v7e-m+fp/hard/crtbegin.o
 .text.SystemClock_Config
                0x080002c0       0xb4 C:/pio_build/els-7e2-lcd2004/black_f407ze/FrameworkArduinoVariant/variant_BLACK_F407ZX.cpp.o
                0x080002c0                SystemClock_Config
 .text.HAL_MspInit
                0x08000374        0x2 C:/pio_build/els-7e2-lcd2004/black_f407ze/SrcWrapper/src/HAL/stm32yyxx_hal.c.o
                0x08000374                HAL_MspInit
 *fill*         0x08000376        0x2 
 .text.HAL_InitTick
                0x08000378       0x48 C:/pio_build/els-7e2-lcd2004/black_f407ze/SrcWrapper/src/HAL/stm32yyxx_hal.c.o
                0x08000378                HAL_InitTick
 .text.HAL_Init
                0x080003c0       0x34 C:/pio_build/els-7e2-lcd2004/black_f407ze/SrcWrapper/src/HAL/stm32yyxx_hal.c.o
                0x080003c0                HAL_Init
 .text.HAL_IncTick
                0x080003f4       0x18 C:/pio_build/els-7e2-lcd2004/black_f407ze/SrcWrapper/src/HAL/stm32yyxx_hal.c.o
                0x080003f4                HAL_IncTick
 .text.HAL_GetTick
                0x0800040c        0xc C:/pio_build/els-7e2-lcd2004/black_f407ze/SrcWrapper/src/HAL/stm32yyxx_hal.c.o
                0x0800040c                HAL_GetTick
 .text.HAL_ADC_Init
                0x08000418      0x14c C:/pio_build/els-7e2-lcd2004/black_f407ze/SrcWrapper/src/HAL/stm32yyxx_hal_adc.c.o
                0x08000418                HAL_ADC_Init
 .text.HAL_ADC_DeInit
                0x08000564       0x34 C:/pio_build/els-7e2-lcd2004/black_f407ze/SrcWrapper/src/HAL/stm32yyxx_hal_adc.c.o
                0x08000564                HAL_ADC_DeInit
 .text.HAL_ADC_Start
                0x08000598       0xfc C:/pio_build/els-7e2-lcd2004/black_f407ze/SrcWrapper/src/HAL/stm32yyxx_hal_adc.c.o
                0x08000598                HAL_ADC_Start
 .text.HAL_ADC_Stop
                0x08000694       0x36 C:/pio_build/els-7e2-lcd2004/black_f407ze/SrcWrapper/src/HAL/stm32yyxx_hal_adc.c.o
                0x08000694                HAL_ADC_Stop
 .text.HAL_ADC_PollForConversion
                0x080006ca       0xa6 C:/pio_build/els-7e2-lcd2004/black_f407ze/SrcWrapper/src/HAL/stm32yyxx_hal_adc.c.o
                0x080006ca                HAL_ADC_PollForConversion
 .text.HAL_ADC_GetValue
                0x08000770        0x6 C:/pio_build/els-7e2-lcd2004/black_f407ze/SrcWrapper/src/HAL/stm32yyxx_hal_adc.c.o
                0x08000770                HAL_ADC_GetValue
 *fill*         0x08000776        0x2 
 .text.HAL_ADC_ConfigChannel
                0x08000778      0x120 C:/pio_build/els-7e2-lcd2004/black_f407ze/SrcWrapper/src/HAL/stm32yyxx_hal_adc.c.o
                0x08000778                HAL_ADC_ConfigChannel
 .text.HAL_ADC_GetState
                0x08000898        0x4 C:/pio_build/els-7e2-lcd2004/black_f407ze/SrcWrapper/src/HAL/stm32yyxx_hal_adc.c.o
                0x08000898                HAL_ADC_GetState
 .text.HAL_NVIC_SetPriorityGrouping
                0x0800089c       0x24 C:/pio_build/els-7e2-lcd2004/black_f407ze/SrcWrapper/src/HAL/stm32yyxx_hal_cortex.c.o
                0x0800089c                HAL_NVIC_SetPriorityGrouping
 .text.HAL_NVIC_SetPriority
                0x080008c0       0x64 C:/pio_build/els-7e2-lcd2004/black_f407ze/SrcWrapper/src/HAL/stm32yyxx_hal_cortex.c.o
                0x080008c0                HAL_NVIC_SetPriority
 .text.HAL_NVIC_EnableIRQ
                0x08000924       0x1c C:/pio_build/els-7e2-lcd2004/black_f407ze/SrcWrapper/src/HAL/stm32yyxx_hal_cortex.c.o
                0x08000924                HAL_NVIC_EnableIRQ
 .text.HAL_NVIC_DisableIRQ
                0x08000940       0x24 C:/pio_build/els-7e2-lcd2004/black_f407ze/SrcWrapper/src/HAL/stm32yyxx_hal_cortex.c.o
                0x08000940                HAL_NVIC_DisableIRQ
 .text.HAL_SYSTICK_Config
                0x08000964       0x28 C:/pio_build/els-7e2-lcd2004/black_f407ze/SrcWrapper/src/HAL/stm32yyxx_hal_cortex.c.o
                0x08000964                HAL_SYSTICK_Config
 .text.HAL_NVIC_ClearPendingIRQ
                0x0800098c       0x1c C:/pio_build/els-7e2-lcd2004/black_f407ze/SrcWrapper/src/HAL/stm32yyxx_hal_cortex.c.o
                0x0800098c                HAL_NVIC_ClearPendingIRQ
 .text.HAL_SYSTICK_Callback
                0x080009a8        0x2 C:/pio_build/els-7e2-lcd2004/black_f407ze/SrcWrapper/src/HAL/stm32yyxx_hal_cortex.c.o
                0x080009a8                HAL_SYSTICK_Callback
 .text.HAL_SYSTICK_IRQHandler
                0x080009aa        0x8 C:/pio_build/els-7e2-lcd2004/black_f407ze/SrcWrapper/src/HAL/stm32yyxx_hal_cortex.c.o
                0x080009aa                HAL_SYSTICK_IRQHandler
 .text.HAL_CRC_MspInit
                0x080009b2        0x2 C:/pio_build/els-7e2-lcd2004/black_f407ze/SrcWrapper/src/HAL/stm32yyxx_hal_crc.c.o
                0x080009b2                HAL_CRC_MspInit
 .text.HAL_CRC_Init
                0x080009b4       0x20 C:/pio_build/els-7e2-lcd2004/black_f407ze/SrcWrapper/src/HAL/stm32yyxx_hal_crc.c.o
                0x080009b4                HAL_CRC_Init
 .text.HAL_DAC_DeInit
                0x080009d4       0x1c C:/pio_build/els-7e2-lcd2004/black_f407ze/SrcWrapper/src/HAL/stm32yyxx_hal_dac.c.o
                0x080009d4                HAL_DAC_DeInit
 .text.HAL_DAC_Stop
                0x080009f0       0x22 C:/pio_build/els-7e2-lcd2004/black_f407ze/SrcWrapper/src/HAL/stm32yyxx_hal_dac.c.o
                0x080009f0                HAL_DAC_Stop
 .text.HAL_DMA_Abort
                0x08000a12       0x7c C:/pio_build/els-7e2-lcd2004/black_f407ze/SrcWrapper/src/HAL/stm32yyxx_hal_dma.c.o
                0x08000a12                HAL_DMA_Abort
 .text.HAL_DMA_Abort_IT
                0x08000a8e       0x24 C:/pio_build/els-7e2-lcd2004/black_f407ze/SrcWrapper/src/HAL/stm32yyxx_hal_dma.c.o
                0x08000a8e                HAL_DMA_Abort_IT
 .text.HAL_DMA_GetState
                0x08000ab2        0x6 C:/pio_build/els-7e2-lcd2004/black_f407ze/SrcWrapper/src/HAL/stm32yyxx_hal_dma.c.o
                0x08000ab2                HAL_DMA_GetState
 .text.FLASH_Program_DoubleWord
                0x08000ab8       0x2c C:/pio_build/els-7e2-lcd2004/black_f407ze/SrcWrapper/src/HAL/stm32yyxx_hal_flash.c.o
 .text.FLASH_Program_Word
                0x08000ae4       0x24 C:/pio_build/els-7e2-lcd2004/black_f407ze/SrcWrapper/src/HAL/stm32yyxx_hal_flash.c.o
 .text.FLASH_Program_HalfWord
                0x08000b08       0x24 C:/pio_build/els-7e2-lcd2004/black_f407ze/SrcWrapper/src/HAL/stm32yyxx_hal_flash.c.o
 .text.FLASH_SetErrorCode
                0x08000b2c       0x74 C:/pio_build/els-7e2-lcd2004/black_f407ze/SrcWrapper/src/HAL/stm32yyxx_hal_flash.c.o
 .text.HAL_FLASH_Unlock
                0x08000ba0       0x24 C:/pio_build/els-7e2-lcd2004/black_f407ze/SrcWrapper/src/HAL/stm32yyxx_hal_flash.c.o
                0x08000ba0                HAL_FLASH_Unlock
 .text.HAL_FLASH_Lock
                0x08000bc4       0x14 C:/pio_build/els-7e2-lcd2004/black_f407ze/SrcWrapper/src/HAL/stm32yyxx_hal_flash.c.o
                0x08000bc4                HAL_FLASH_Lock
 .text.FLASH_WaitForLastOperation
                0x08000bd8       0x50 C:/pio_build/els-7e2-lcd2004/black_f407ze/SrcWrapper/src/HAL/stm32yyxx_hal_flash.c.o
                0x08000bd8                FLASH_WaitForLastOperation
 .text.HAL_FLASH_Program
                0x08000c28       0x8c C:/pio_build/els-7e2-lcd2004/black_f407ze/SrcWrapper/src/HAL/stm32yyxx_hal_flash.c.o
                0x08000c28                HAL_FLASH_Program
 .text.FLASH_MassErase.constprop.0
                0x08000cb4       0x24 C:/pio_build/els-7e2-lcd2004/black_f407ze/SrcWrapper/src/HAL/stm32yyxx_hal_flash_ex.c.o
 .text.FLASH_Erase_Sector
                0x08000cd8       0x3c C:/pio_build/els-7e2-lcd2004/black_f407ze/SrcWrapper/src/HAL/stm32yyxx_hal_flash_ex.c.o
                0x08000cd8                FLASH_Erase_Sector
 .text.FLASH_FlushCaches
                0x08000d14       0x58 C:/pio_build/els-7e2-lcd2004/black_f407ze/SrcWrapper/src/HAL/stm32yyxx_hal_flash_ex.c.o
                0x08000d14                FLASH_FlushCaches
 .text.HAL_FLASHEx_Erase
                0x08000d6c       0xa0 C:/pio_build/els-7e2-lcd2004/black_f407ze/SrcWrapper/src/HAL/stm32yyxx_hal_flash_ex.c.o
                0x08000d6c                HAL_FLASHEx_Erase
 .text.HAL_GPIO_Init
                0x08000e0c      0x1c8 C:/pio_build/els-7e2-lcd2004/black_f407ze/SrcWrapper/src/HAL/stm32yyxx_hal_gpio.c.o
                0x08000e0c                HAL_GPIO_Init
 .text.HAL_GPIO_EXTI_IRQHandler
                0x08000fd4       0x18 C:/pio_build/els-7e2-lcd2004/black_f407ze/SrcWrapper/src/HAL/stm32yyxx_hal_gpio.c.o
                0x08000fd4                HAL_GPIO_EXTI_IRQHandler
 .text.I2C_WaitOnFlagUntilTimeout
                0x08000fec       0x80 C:/pio_build/els-7e2-lcd2004/black_f407ze/SrcWrapper/src/HAL/stm32yyxx_hal_i2c.c.o
 .text.HAL_I2C_MspInit
                0x0800106c        0x2 C:/pio_build/els-7e2-lcd2004/black_f407ze/SrcWrapper/src/HAL/stm32yyxx_hal_i2c.c.o
                0x0800106c                HAL_I2C_MspInit
 *fill*         0x0800106e        0x2 
 .text.HAL_I2C_Init
                0x08001070      0x14c C:/pio_build/els-7e2-lcd2004/black_f407ze/SrcWrapper/src/HAL/stm32yyxx_hal_i2c.c.o
                0x08001070                HAL_I2C_Init
 .text.HAL_I2C_MspDeInit
                0x080011bc        0x2 C:/pio_build/els-7e2-lcd2004/black_f407ze/SrcWrapper/src/HAL/stm32yyxx_hal_i2c.c.o
                0x080011bc                HAL_I2C_MspDeInit
 .text.HAL_I2C_DeInit
                0x080011be       0x32 C:/pio_build/els-7e2-lcd2004/black_f407ze/SrcWrapper/src/HAL/stm32yyxx_hal_i2c.c.o
                0x080011be                HAL_I2C_DeInit
 .text.HAL_I2C_IsDeviceReady
                0x080011f0      0x160 C:/pio_build/els-7e2-lcd2004/black_f407ze/SrcWrapper/src/HAL/stm32yyxx_hal_i2c.c.o
                0x080011f0                HAL_I2C_IsDeviceReady
 .text.HAL_I2C_Master_Seq_Transmit_IT
                0x08001350       0xd0 C:/pio_build/els-7e2-lcd2004/black_f407ze/SrcWrapper/src/HAL/stm32yyxx_hal_i2c.c.o
                0x08001350                HAL_I2C_Master_Seq_Transmit_IT
 .text.HAL_I2C_Slave_Seq_Transmit_IT
                0x08001420       0x76 C:/pio_build/els-7e2-lcd2004/black_f407ze/SrcWrapper/src/HAL/stm32yyxx_hal_i2c.c.o
                0x08001420                HAL_I2C_Slave_Seq_Transmit_IT
 .text.HAL_I2C_Slave_Seq_Receive_IT
                0x08001496       0x76 C:/pio_build/els-7e2-lcd2004/black_f407ze/SrcWrapper/src/HAL/stm32yyxx_hal_i2c.c.o
                0x08001496                HAL_I2C_Slave_Seq_Receive_IT
 .text.HAL_I2C_EnableListen_IT
                0x0800150c       0x36 C:/pio_build/els-7e2-lcd2004/black_f407ze/SrcWrapper/src/HAL/stm32yyxx_hal_i2c.c.o
                0x0800150c                HAL_I2C_EnableListen_IT
 .text.HAL_I2C_MasterTxCpltCallback
                0x08001542        0x2 C:/pio_build/els-7e2-lcd2004/black_f407ze/SrcWrapper/src/HAL/stm32yyxx_hal_i2c.c.o
                0x08001542                HAL_I2C_MasterTxCpltCallback
 .text.HAL_I2C_MasterRxCpltCallback
                0x08001544        0x2 C:/pio_build/els-7e2-lcd2004/black_f407ze/SrcWrapper/src/HAL/stm32yyxx_hal_i2c.c.o
                0x08001544                HAL_I2C_MasterRxCpltCallback
 .text.HAL_I2C_MemTxCpltCallback
                0x08001546        0x2 C:/pio_build/els-7e2-lcd2004/black_f407ze/SrcWrapper/src/HAL/stm32yyxx_hal_i2c.c.o
                0x08001546                HAL_I2C_MemTxCpltCallback
 .text.I2C_MemoryTransmit_TXE_BTF
                0x08001548       0xb6 C:/pio_build/els-7e2-lcd2004/black_f407ze/SrcWrapper/src/HAL/stm32yyxx_hal_i2c.c.o
 .text.HAL_I2C_MemRxCpltCallback
                0x080015fe        0x2 C:/pio_build/els-7e2-lcd2004/black_f407ze/SrcWrapper/src/HAL/stm32yyxx_hal_i2c.c.o
                0x080015fe                HAL_I2C_MemRxCpltCallback
 .text.HAL_I2C_AbortCpltCallback
                0x08001600        0x2 C:/pio_build/els-7e2-lcd2004/black_f407ze/SrcWrapper/src/HAL/stm32yyxx_hal_i2c.c.o
                0x08001600                HAL_I2C_AbortCpltCallback
 *fill*         0x08001602        0x2 
 .text.I2C_DMAAbort
                0x08001604       0xe4 C:/pio_build/els-7e2-lcd2004/black_f407ze/SrcWrapper/src/HAL/stm32yyxx_hal_i2c.c.o
 .text.I2C_ITError
                0x080016e8      0x15c C:/pio_build/els-7e2-lcd2004/black_f407ze/SrcWrapper/src/HAL/stm32yyxx_hal_i2c.c.o
 .text.HAL_I2C_EV_IRQHandler
                0x08001844      0x8c8 C:/pio_build/els-7e2-lcd2004/black_f407ze/SrcWrapper/src/HAL/stm32yyxx_hal_i2c.c.o
                0x08001844                HAL_I2C_EV_IRQHandler
 .text.HAL_I2C_ER_IRQHandler
                0x0800210c      0x158 C:/pio_build/els-7e2-lcd2004/black_f407ze/SrcWrapper/src/HAL/stm32yyxx_hal_i2c.c.o
                0x0800210c                HAL_I2C_ER_IRQHandler
 .text.HAL_I2C_GetState
                0x08002264        0x6 C:/pio_build/els-7e2-lcd2004/black_f407ze/SrcWrapper/src/HAL/stm32yyxx_hal_i2c.c.o
                0x08002264                HAL_I2C_GetState
 .text.HAL_I2C_GetError
                0x0800226a        0x4 C:/pio_build/els-7e2-lcd2004/black_f407ze/SrcWrapper/src/HAL/stm32yyxx_hal_i2c.c.o
                0x0800226a                HAL_I2C_GetError
 *fill*         0x0800226e        0x2 
 .text.HAL_RCC_OscConfig
                0x08002270      0x35c C:/pio_build/els-7e2-lcd2004/black_f407ze/SrcWrapper/src/HAL/stm32yyxx_hal_rcc.c.o
                0x08002270                HAL_RCC_OscConfig
 .text.HAL_RCC_GetSysClockFreq
                0x080025cc       0x5c C:/pio_build/els-7e2-lcd2004/black_f407ze/SrcWrapper/src/HAL/stm32yyxx_hal_rcc.c.o
                0x080025cc                HAL_RCC_GetSysClockFreq
 .text.HAL_RCC_ClockConfig
                0x08002628      0x134 C:/pio_build/els-7e2-lcd2004/black_f407ze/SrcWrapper/src/HAL/stm32yyxx_hal_rcc.c.o
                0x08002628                HAL_RCC_ClockConfig
 .text.HAL_RCC_GetPCLK1Freq
                0x0800275c       0x20 C:/pio_build/els-7e2-lcd2004/black_f407ze/SrcWrapper/src/HAL/stm32yyxx_hal_rcc.c.o
                0x0800275c                HAL_RCC_GetPCLK1Freq
 .text.HAL_TIM_PWM_PulseFinishedCallback
                0x0800277c        0x2 C:/pio_build/els-7e2-lcd2004/black_f407ze/SrcWrapper/src/HAL/stm32yyxx_hal_tim.c.o
                0x0800277c                HAL_TIM_PWM_PulseFinishedCallback
 .text.HAL_TIM_TriggerCallback
                0x0800277e        0x2 C:/pio_build/els-7e2-lcd2004/black_f407ze/SrcWrapper/src/HAL/stm32yyxx_hal_tim.c.o
                0x0800277e                HAL_TIM_TriggerCallback
 .text.HAL_TIM_IRQHandler
                0x08002780      0x128 C:/pio_build/els-7e2-lcd2004/black_f407ze/SrcWrapper/src/HAL/stm32yyxx_hal_tim.c.o
                0x08002780                HAL_TIM_IRQHandler
 .text.TIM_Base_SetConfig
                0x080028a8       0xac C:/pio_build/els-7e2-lcd2004/black_f407ze/SrcWrapper/src/HAL/stm32yyxx_hal_tim.c.o
                0x080028a8                TIM_Base_SetConfig
 .text.HAL_TIM_Base_Init
                0x08002954       0x58 C:/pio_build/els-7e2-lcd2004/black_f407ze/SrcWrapper/src/HAL/stm32yyxx_hal_tim.c.o
                0x08002954                HAL_TIM_Base_Init
 .text.HAL_TIMEx_CommutCallback
                0x080029ac        0x2 C:/pio_build/els-7e2-lcd2004/black_f407ze/SrcWrapper/src/HAL/stm32yyxx_hal_tim_ex.c.o
                0x080029ac                HAL_TIMEx_CommutCallback
 .text.HAL_TIMEx_BreakCallback
                0x080029ae        0x2 C:/pio_build/els-7e2-lcd2004/black_f407ze/SrcWrapper/src/HAL/stm32yyxx_hal_tim_ex.c.o
                0x080029ae                HAL_TIMEx_BreakCallback
 .text.UART_EndRxTransfer
                0x080029b0       0x5c C:/pio_build/els-7e2-lcd2004/black_f407ze/SrcWrapper/src/HAL/stm32yyxx_hal_uart.c.o
 .text.HAL_UART_Transmit_IT
                0x08002a0c       0x32 C:/pio_build/els-7e2-lcd2004/black_f407ze/SrcWrapper/src/HAL/stm32yyxx_hal_uart.c.o
                0x08002a0c                HAL_UART_Transmit_IT
 .text.UART_DMAAbortOnError
                0x08002a3e        0xe C:/pio_build/els-7e2-lcd2004/black_f407ze/SrcWrapper/src/HAL/stm32yyxx_hal_uart.c.o
 .text.HAL_UARTEx_RxEventCallback
                0x08002a4c        0x2 C:/pio_build/els-7e2-lcd2004/black_f407ze/SrcWrapper/src/HAL/stm32yyxx_hal_uart.c.o
                0x08002a4c                HAL_UARTEx_RxEventCallback
 .text.UART_Receive_IT.isra.0
                0x08002a4e       0xb6 C:/pio_build/els-7e2-lcd2004/black_f407ze/SrcWrapper/src/HAL/stm32yyxx_hal_uart.c.o
 .text.HAL_UART_IRQHandler
                0x08002b04      0x2e8 C:/pio_build/els-7e2-lcd2004/black_f407ze/SrcWrapper/src/HAL/stm32yyxx_hal_uart.c.o
                0x08002b04                HAL_UART_IRQHandler
 .text.HAL_HalfDuplex_EnableTransmitter
                0x08002dec       0x30 C:/pio_build/els-7e2-lcd2004/black_f407ze/SrcWrapper/src/HAL/stm32yyxx_hal_uart.c.o
                0x08002dec                HAL_HalfDuplex_EnableTransmitter
 .text.HAL_HalfDuplex_EnableReceiver
                0x08002e1c       0x30 C:/pio_build/els-7e2-lcd2004/black_f407ze/SrcWrapper/src/HAL/stm32yyxx_hal_uart.c.o
                0x08002e1c                HAL_HalfDuplex_EnableReceiver
 .text.HAL_UART_GetState
                0x08002e4c        0xc C:/pio_build/els-7e2-lcd2004/black_f407ze/SrcWrapper/src/HAL/stm32yyxx_hal_uart.c.o
                0x08002e4c                HAL_UART_GetState
 .text.UART_Start_Receive_IT
                0x08002e58       0x32 C:/pio_build/els-7e2-lcd2004/black_f407ze/SrcWrapper/src/HAL/stm32yyxx_hal_uart.c.o
                0x08002e58                UART_Start_Receive_IT
 .text.HAL_UART_Receive_IT
                0x08002e8a       0x22 C:/pio_build/els-7e2-lcd2004/black_f407ze/SrcWrapper/src/HAL/stm32yyxx_hal_uart.c.o
                0x08002e8a                HAL_UART_Receive_IT
 .text._ZNSt8functionIFvvEEaSEDn.isra.0
                0x08002eac       0x16 C:/pio_build/els-7e2-lcd2004/black_f407ze/SrcWrapper/src/HardwareTimer.cpp.o
 .text._ZNSt14_Function_baseD2Ev
                0x08002ec2       0x12 C:/pio_build/els-7e2-lcd2004/black_f407ze/SrcWrapper/src/HardwareTimer.cpp.o
                0x08002ec2                std::_Function_base::~_Function_base()
                0x08002ec2                std::_Function_base::~_Function_base()
 .text._Z15get_timer_indexP11TIM_TypeDef
                0x08002ed4       0xbc C:/pio_build/els-7e2-lcd2004/black_f407ze/SrcWrapper/src/HardwareTimer.cpp.o
                0x08002ed4                get_timer_index(TIM_TypeDef*)
 .text._ZN13HardwareTimerD2Ev
                0x08002f90       0x40 C:/pio_build/els-7e2-lcd2004/black_f407ze/SrcWrapper/src/HardwareTimer.cpp.o
                0x08002f90                HardwareTimer::~HardwareTimer()
                0x08002f90                HardwareTimer::~HardwareTimer()
 .text._ZN13HardwareTimer5setupEP11TIM_TypeDef
                0x08002fd0       0x84 C:/pio_build/els-7e2-lcd2004/black_f407ze/SrcWrapper/src/HardwareTimer.cpp.o
                0x08002fd0                HardwareTimer::setup(TIM_TypeDef*)
 .text.TIM1_UP_TIM10_IRQHandler
                0x08003054       0x24 C:/pio_build/els-7e2-lcd2004/black_f407ze/SrcWrapper/src/HardwareTimer.cpp.o
                0x08003054                TIM1_UP_TIM10_IRQHandler
 .text.TIM1_CC_IRQHandler
                0x08003078       0x14 C:/pio_build/els-7e2-lcd2004/black_f407ze/SrcWrapper/src/HardwareTimer.cpp.o
                0x08003078                TIM1_CC_IRQHandler
 .text.TIM2_IRQHandler
                0x0800308c       0x14 C:/pio_build/els-7e2-lcd2004/black_f407ze/SrcWrapper/src/HardwareTimer.cpp.o
                0x0800308c                TIM2_IRQHandler
 .text.TIM3_IRQHandler
                0x080030a0       0x14 C:/pio_build/els-7e2-lcd2004/black_f407ze/SrcWrapper/src/HardwareTimer.cpp.o
                0x080030a0                TIM3_IRQHandler
 .text.TIM4_IRQHandler
                0x080030b4       0x14 C:/pio_build/els-7e2-lcd2004/black_f407ze/SrcWrapper/src/HardwareTimer.cpp.o
                0x080030b4                TIM4_IRQHandler
 .text.TIM5_IRQHandler
                0x080030c8       0x14 C:/pio_build/els-7e2-lcd2004/black_f407ze/SrcWrapper/src/HardwareTimer.cpp.o
                0x080030c8                TIM5_IRQHandler
 .text.TIM6_DAC_IRQHandler
                0x080030dc       0x14 C:/pio_build/els-7e2-lcd2004/black_f407ze/SrcWrapper/src/HardwareTimer.cpp.o
                0x080030dc                TIM6_DAC_IRQHandler
 .text.TIM7_IRQHandler
                0x080030f0       0x14 C:/pio_build/els-7e2-lcd2004/black_f407ze/SrcWrapper/src/HardwareTimer.cpp.o
                0x080030f0                TIM7_IRQHandler
 .text.TIM8_UP_TIM13_IRQHandler
                0x08003104       0x24 C:/pio_build/els-7e2-lcd2004/black_f407ze/SrcWrapper/src/HardwareTimer.cpp.o
                0x08003104                TIM8_UP_TIM13_IRQHandler
 .text.TIM8_CC_IRQHandler
                0x08003128       0x14 C:/pio_build/els-7e2-lcd2004/black_f407ze/SrcWrapper/src/HardwareTimer.cpp.o
                0x08003128                TIM8_CC_IRQHandler
 .text.TIM1_BRK_TIM9_IRQHandler
                0x0800313c       0x14 C:/pio_build/els-7e2-lcd2004/black_f407ze/SrcWrapper/src/HardwareTimer.cpp.o
                0x0800313c                TIM1_BRK_TIM9_IRQHandler
 .text.TIM1_TRG_COM_TIM11_IRQHandler
                0x08003150       0x14 C:/pio_build/els-7e2-lcd2004/black_f407ze/SrcWrapper/src/HardwareTimer.cpp.o
                0x08003150                TIM1_TRG_COM_TIM11_IRQHandler
 .text.TIM8_BRK_TIM12_IRQHandler
                0x08003164       0x14 C:/pio_build/els-7e2-lcd2004/black_f407ze/SrcWrapper/src/HardwareTimer.cpp.o
                0x08003164                TIM8_BRK_TIM12_IRQHandler
 .text.TIM8_TRG_COM_TIM14_IRQHandler
                0x08003178       0x14 C:/pio_build/els-7e2-lcd2004/black_f407ze/SrcWrapper/src/HardwareTimer.cpp.o
                0x08003178                TIM8_TRG_COM_TIM14_IRQHandler
 .text._ZNSt8functionIFvvEEC2Ev
                0x0800318c        0xc C:/pio_build/els-7e2-lcd2004/black_f407ze/SrcWrapper/src/HardwareTimer.cpp.o
                0x0800318c                std::function<void ()>::function()
                0x0800318c                std::function<void ()>::function()
 .text._ZN13HardwareTimerC2EP11TIM_TypeDef
                0x08003198       0x2a C:/pio_build/els-7e2-lcd2004/black_f407ze/SrcWrapper/src/HardwareTimer.cpp.o
                0x08003198                HardwareTimer::HardwareTimer(TIM_TypeDef*)
                0x08003198                HardwareTimer::HardwareTimer(TIM_TypeDef*)
 .text._ZNSt8functionIFvvEEC2ERKS1_
                0x080031c2       0x24 C:/pio_build/els-7e2-lcd2004/black_f407ze/SrcWrapper/src/HardwareTimer.cpp.o
                0x080031c2                std::function<void ()>::function(std::function<void ()> const&)
                0x080031c2                std::function<void ()>::function(std::function<void ()> const&)
 .text._ZNKSt8functionIFvvEEclEv
                0x080031e6       0x12 C:/pio_build/els-7e2-lcd2004/black_f407ze/SrcWrapper/src/HardwareTimer.cpp.o
                0x080031e6                std::function<void ()>::operator()() const
 .text._ZN13HardwareTimer14updateCallbackEP17TIM_HandleTypeDef
                0x080031f8       0x18 C:/pio_build/els-7e2-lcd2004/black_f407ze/SrcWrapper/src/HardwareTimer.cpp.o
                0x080031f8                HardwareTimer::updateCallback(TIM_HandleTypeDef*)
 .text.HAL_TIM_PeriodElapsedCallback
                0x08003210        0x4 C:/pio_build/els-7e2-lcd2004/black_f407ze/SrcWrapper/src/HardwareTimer.cpp.o
                0x08003210                HAL_TIM_PeriodElapsedCallback
 .text._ZN13HardwareTimer22captureCompareCallbackEP17TIM_HandleTypeDef
                0x08003214       0x3e C:/pio_build/els-7e2-lcd2004/black_f407ze/SrcWrapper/src/HardwareTimer.cpp.o
                0x08003214                HardwareTimer::captureCompareCallback(TIM_HandleTypeDef*)
 .text.HAL_TIM_OC_DelayElapsedCallback
                0x08003252        0x4 C:/pio_build/els-7e2-lcd2004/black_f407ze/SrcWrapper/src/HardwareTimer.cpp.o
                0x08003252                HAL_TIM_OC_DelayElapsedCallback
 .text.HAL_TIM_IC_CaptureCallback
                0x08003256        0x4 C:/pio_build/els-7e2-lcd2004/black_f407ze/SrcWrapper/src/HardwareTimer.cpp.o
                0x08003256                HAL_TIM_IC_CaptureCallback
 *fill*         0x0800325a        0x2 
 .text.LL_TIM_Init
                0x0800325c       0xac C:/pio_build/els-7e2-lcd2004/black_f407ze/SrcWrapper/src/LL/stm32yyxx_ll_tim.c.o
                0x0800325c                LL_TIM_Init
 .text.LL_TIM_ENCODER_Init
                0x08003308       0x5a C:/pio_build/els-7e2-lcd2004/black_f407ze/SrcWrapper/src/LL/stm32yyxx_ll_tim.c.o
                0x08003308                LL_TIM_ENCODER_Init
 .text._Znwj    0x08003362        0x4 C:/pio_build/els-7e2-lcd2004/black_f407ze/SrcWrapper/src/new.cpp.o
                0x08003362                operator new(unsigned int)
 .text._ZdlPvj  0x08003366        0x4 C:/pio_build/els-7e2-lcd2004/black_f407ze/SrcWrapper/src/new.cpp.o
                0x08003366                operator delete(void*, unsigned int)
 *fill*         0x0800336a        0x2 
 .text.set_GPIO_Port_Clock
                0x0800336c      0x130 C:/pio_build/els-7e2-lcd2004/black_f407ze/SrcWrapper/src/stm32/PortNames.c.o
                0x0800336c                set_GPIO_Port_Clock
 .text.get_adc_channel
                0x0800349c       0x18 C:/pio_build/els-7e2-lcd2004/black_f407ze/SrcWrapper/src/stm32/analog.cpp.o
                0x0800349c                get_adc_channel
 .text.get_adc_internal_channel
                0x080034b4       0x14 C:/pio_build/els-7e2-lcd2004/black_f407ze/SrcWrapper/src/stm32/analog.cpp.o
                0x080034b4                get_adc_internal_channel
 .text.get_dac_channel
                0x080034c8       0x24 C:/pio_build/els-7e2-lcd2004/black_f407ze/SrcWrapper/src/stm32/analog.cpp.o
                0x080034c8                get_dac_channel
 .text.HAL_DAC_MspDeInit
                0x080034ec       0x2c C:/pio_build/els-7e2-lcd2004/black_f407ze/SrcWrapper/src/stm32/analog.cpp.o
                0x080034ec                HAL_DAC_MspDeInit
 .text.dac_stop
                0x08003518       0x34 C:/pio_build/els-7e2-lcd2004/black_f407ze/SrcWrapper/src/stm32/analog.cpp.o
                0x08003518                dac_stop
 .text.HAL_ADC_MspInit
                0x0800354c       0x90 C:/pio_build/els-7e2-lcd2004/black_f407ze/SrcWrapper/src/stm32/analog.cpp.o
                0x0800354c                HAL_ADC_MspInit
 .text.HAL_ADC_MspDeInit
                0x080035dc       0x58 C:/pio_build/els-7e2-lcd2004/black_f407ze/SrcWrapper/src/stm32/analog.cpp.o
                0x080035dc                HAL_ADC_MspDeInit
 .text.adc_read_value
                0x08003634      0x134 C:/pio_build/els-7e2-lcd2004/black_f407ze/SrcWrapper/src/stm32/analog.cpp.o
                0x08003634                adc_read_value
 .text.pwm_stop
                0x08003768       0x5c C:/pio_build/els-7e2-lcd2004/black_f407ze/SrcWrapper/src/stm32/analog.cpp.o
                0x08003768                pwm_stop
 .text.getCurrentMicros
                0x080037c4       0x48 C:/pio_build/els-7e2-lcd2004/black_f407ze/SrcWrapper/src/stm32/clock.c.o
                0x080037c4                getCurrentMicros
 .text.getCurrentMillis
                0x0800380c        0x4 C:/pio_build/els-7e2-lcd2004/black_f407ze/SrcWrapper/src/stm32/clock.c.o
                0x0800380c                getCurrentMillis
 .text.noOsSystickHandler
                0x08003810        0x2 C:/pio_build/els-7e2-lcd2004/black_f407ze/SrcWrapper/src/stm32/clock.c.o
                0x08003810                noOsSystickHandler
                0x08003810                osSystickHandler
 .text.SysTick_Handler
                0x08003812       0x10 C:/pio_build/els-7e2-lcd2004/black_f407ze/SrcWrapper/src/stm32/clock.c.o
                0x08003812                SysTick_Handler
 .text.configHSECapacitorTuning
                0x08003822        0x2 C:/pio_build/els-7e2-lcd2004/black_f407ze/SrcWrapper/src/stm32/clock.c.o
                0x08003822                configHSECapacitorTuning
 .text.configIPClock
                0x08003824       0x4c C:/pio_build/els-7e2-lcd2004/black_f407ze/SrcWrapper/src/stm32/clock.c.o
                0x08003824                configIPClock
 .text.dwt_init
                0x08003870       0x3c C:/pio_build/els-7e2-lcd2004/black_f407ze/SrcWrapper/src/stm32/dwt.c.o
                0x08003870                dwt_init
 .text.hw_config_init
                0x080038ac       0x24 C:/pio_build/els-7e2-lcd2004/black_f407ze/SrcWrapper/src/stm32/hw_config.c.o
                0x080038ac                hw_config_init
 .text._ZNSt17_Function_handlerIFvvEPS0_E10_M_managerERSt9_Any_dataRKS3_St18_Manager_operation
                0x080038d0       0x20 C:/pio_build/els-7e2-lcd2004/black_f407ze/SrcWrapper/src/stm32/interrupt.cpp.o
                0x080038d0                std::_Function_handler<void (), void (*)()>::_M_manager(std::_Any_data&, std::_Any_data const&, std::_Manager_operation)
 .text._ZNSt17_Function_handlerIFvvEPS0_E9_M_invokeERKSt9_Any_data
                0x080038f0        0x4 C:/pio_build/els-7e2-lcd2004/black_f407ze/SrcWrapper/src/stm32/interrupt.cpp.o
                0x080038f0                std::_Function_handler<void (), void (*)()>::_M_invoke(std::_Any_data const&)
 .text.startup._ZNSt8functionIFvvEEC2EDn.constprop.0.isra.0
                0x080038f4        0xc C:/pio_build/els-7e2-lcd2004/black_f407ze/SrcWrapper/src/stm32/interrupt.cpp.o
 .text.HAL_GPIO_EXTI_Callback
                0x08003900       0x2c C:/pio_build/els-7e2-lcd2004/black_f407ze/SrcWrapper/src/stm32/interrupt.cpp.o
                0x08003900                HAL_GPIO_EXTI_Callback
 .text.EXTI0_IRQHandler
                0x0800392c        0x6 C:/pio_build/els-7e2-lcd2004/black_f407ze/SrcWrapper/src/stm32/interrupt.cpp.o
                0x0800392c                EXTI0_IRQHandler
 .text.EXTI1_IRQHandler
                0x08003932        0x6 C:/pio_build/els-7e2-lcd2004/black_f407ze/SrcWrapper/src/stm32/interrupt.cpp.o
                0x08003932                EXTI1_IRQHandler
 .text.EXTI2_IRQHandler
                0x08003938        0x6 C:/pio_build/els-7e2-lcd2004/black_f407ze/SrcWrapper/src/stm32/interrupt.cpp.o
                0x08003938                EXTI2_IRQHandler
 .text.EXTI3_IRQHandler
                0x0800393e        0x6 C:/pio_build/els-7e2-lcd2004/black_f407ze/SrcWrapper/src/stm32/interrupt.cpp.o
                0x0800393e                EXTI3_IRQHandler
 .text.EXTI4_IRQHandler
                0x08003944        0x6 C:/pio_build/els-7e2-lcd2004/black_f407ze/SrcWrapper/src/stm32/interrupt.cpp.o
                0x08003944                EXTI4_IRQHandler
 .text.EXTI9_5_IRQHandler
                0x0800394a       0x16 C:/pio_build/els-7e2-lcd2004/black_f407ze/SrcWrapper/src/stm32/interrupt.cpp.o
                0x0800394a                EXTI9_5_IRQHandler
 .text.EXTI15_10_IRQHandler
                0x08003960       0x18 C:/pio_build/els-7e2-lcd2004/black_f407ze/SrcWrapper/src/stm32/interrupt.cpp.o
                0x08003960                EXTI15_10_IRQHandler
 .text._Z22stm32_interrupt_enable7PinNameSt8functionIFvvEEm
                0x08003978       0xd8 C:/pio_build/els-7e2-lcd2004/black_f407ze/SrcWrapper/src/stm32/interrupt.cpp.o
                0x08003978                stm32_interrupt_enable(PinName, std::function<void ()>, unsigned long)
 .text.startup._GLOBAL__sub_I__Z22stm32_interrupt_enable7PinNameSt8functionIFvvEEm
                0x08003a50       0xd8 C:/pio_build/els-7e2-lcd2004/black_f407ze/SrcWrapper/src/stm32/interrupt.cpp.o
 .text.exit._GLOBAL__sub_D__Z22stm32_interrupt_enable7PinNameSt8functionIFvvEEm
                0x08003b28       0x1c C:/pio_build/els-7e2-lcd2004/black_f407ze/SrcWrapper/src/stm32/interrupt.cpp.o
 .text.LL_GPIO_SetPinPull
                0x08003b44       0x2a C:/pio_build/els-7e2-lcd2004/black_f407ze/SrcWrapper/src/stm32/pinmap.c.o
 .text.pin_in_pinmap
                0x08003b6e       0x1e C:/pio_build/els-7e2-lcd2004/black_f407ze/SrcWrapper/src/stm32/pinmap.c.o
                0x08003b6e                pin_in_pinmap
 .text.pin_function
                0x08003b8c      0x11c C:/pio_build/els-7e2-lcd2004/black_f407ze/SrcWrapper/src/stm32/pinmap.c.o
                0x08003b8c                pin_function
 .text.pinmap_pinout
                0x08003ca8       0x1a C:/pio_build/els-7e2-lcd2004/black_f407ze/SrcWrapper/src/stm32/pinmap.c.o
                0x08003ca8                pinmap_pinout
 .text.pinmap_find_peripheral
                0x08003cc2       0x16 C:/pio_build/els-7e2-lcd2004/black_f407ze/SrcWrapper/src/stm32/pinmap.c.o
                0x08003cc2                pinmap_find_peripheral
 .text.pinmap_peripheral
                0x08003cd8        0xc C:/pio_build/els-7e2-lcd2004/black_f407ze/SrcWrapper/src/stm32/pinmap.c.o
                0x08003cd8                pinmap_peripheral
 .text.pinmap_find_pin
                0x08003ce4       0x16 C:/pio_build/els-7e2-lcd2004/black_f407ze/SrcWrapper/src/stm32/pinmap.c.o
                0x08003ce4                pinmap_find_pin
 .text.pinmap_pin
                0x08003cfa        0xc C:/pio_build/els-7e2-lcd2004/black_f407ze/SrcWrapper/src/stm32/pinmap.c.o
                0x08003cfa                pinmap_pin
 .text.pinmap_find_function
                0x08003d06       0x16 C:/pio_build/els-7e2-lcd2004/black_f407ze/SrcWrapper/src/stm32/pinmap.c.o
                0x08003d06                pinmap_find_function
 .text.pinmap_function
                0x08003d1c        0xa C:/pio_build/els-7e2-lcd2004/black_f407ze/SrcWrapper/src/stm32/pinmap.c.o
                0x08003d1c                pinmap_function
 .text.pinmap_merge_peripheral
                0x08003d26       0x14 C:/pio_build/els-7e2-lcd2004/black_f407ze/SrcWrapper/src/stm32/pinmap.c.o
                0x08003d26                pinmap_merge_peripheral
 *fill*         0x08003d3a        0x2 
 .text.SystemInit
                0x08003d3c       0x50 C:/pio_build/els-7e2-lcd2004/black_f407ze/SrcWrapper/src/stm32/system_stm32yyxx.c.o
                0x08003d3c                SystemInit
 .text.get_timer_obj
                0x08003d8c        0x4 C:/pio_build/els-7e2-lcd2004/black_f407ze/SrcWrapper/src/stm32/timer.c.o
                0x08003d8c                get_timer_obj
 .text.enableTimerClock
                0x08003d90      0x200 C:/pio_build/els-7e2-lcd2004/black_f407ze/SrcWrapper/src/stm32/timer.c.o
                0x08003d90                enableTimerClock
 .text.disableTimerClock
                0x08003f90      0x130 C:/pio_build/els-7e2-lcd2004/black_f407ze/SrcWrapper/src/stm32/timer.c.o
                0x08003f90                disableTimerClock
 .text.getTimerUpIrq
                0x080040c0       0xbc C:/pio_build/els-7e2-lcd2004/black_f407ze/SrcWrapper/src/stm32/timer.c.o
                0x080040c0                getTimerUpIrq
 .text.getTimerCCIrq
                0x0800417c       0xc4 C:/pio_build/els-7e2-lcd2004/black_f407ze/SrcWrapper/src/stm32/timer.c.o
                0x0800417c                getTimerCCIrq
 .text.HAL_TIM_Base_MspInit
                0x08004240       0x4e C:/pio_build/els-7e2-lcd2004/black_f407ze/SrcWrapper/src/stm32/timer.c.o
                0x08004240                HAL_TIM_Base_MspInit
 *fill*         0x0800428e        0x2 
 .text.serial_rx_active
                0x08004290       0x24 C:/pio_build/els-7e2-lcd2004/black_f407ze/SrcWrapper/src/stm32/uart.c.o
                0x08004290                serial_rx_active
 .text.serial_tx_active
                0x080042b4       0x24 C:/pio_build/els-7e2-lcd2004/black_f407ze/SrcWrapper/src/stm32/uart.c.o
                0x080042b4                serial_tx_active
 .text.uart_attach_tx_callback
                0x080042d8       0x40 C:/pio_build/els-7e2-lcd2004/black_f407ze/SrcWrapper/src/stm32/uart.c.o
                0x080042d8                uart_attach_tx_callback
 .text.uart_enable_tx
                0x08004318       0x1c C:/pio_build/els-7e2-lcd2004/black_f407ze/SrcWrapper/src/stm32/uart.c.o
                0x08004318                uart_enable_tx
 .text.uart_enable_rx
                0x08004334       0x1c C:/pio_build/els-7e2-lcd2004/black_f407ze/SrcWrapper/src/stm32/uart.c.o
                0x08004334                uart_enable_rx
 .text.HAL_UART_RxCpltCallback
                0x08004350        0x6 C:/pio_build/els-7e2-lcd2004/black_f407ze/SrcWrapper/src/stm32/uart.c.o
                0x08004350                HAL_UART_RxCpltCallback
 .text.HAL_UART_TxCpltCallback
                0x08004356        0x6 C:/pio_build/els-7e2-lcd2004/black_f407ze/SrcWrapper/src/stm32/uart.c.o
                0x08004356                HAL_UART_TxCpltCallback
 .text.HAL_UART_ErrorCallback
                0x0800435c       0x7c C:/pio_build/els-7e2-lcd2004/black_f407ze/SrcWrapper/src/stm32/uart.c.o
                0x0800435c                HAL_UART_ErrorCallback
 .text.USART1_IRQHandler
                0x080043d8       0x18 C:/pio_build/els-7e2-lcd2004/black_f407ze/SrcWrapper/src/stm32/uart.c.o
                0x080043d8                USART1_IRQHandler
 .text.USART2_IRQHandler
                0x080043f0       0x1c C:/pio_build/els-7e2-lcd2004/black_f407ze/SrcWrapper/src/stm32/uart.c.o
                0x080043f0                USART2_IRQHandler
 .text.USART3_IRQHandler
                0x0800440c       0x1c C:/pio_build/els-7e2-lcd2004/black_f407ze/SrcWrapper/src/stm32/uart.c.o
                0x0800440c                USART3_IRQHandler
 .text.UART4_IRQHandler
                0x08004428       0x18 C:/pio_build/els-7e2-lcd2004/black_f407ze/SrcWrapper/src/stm32/uart.c.o
                0x08004428                UART4_IRQHandler
 .text.UART5_IRQHandler
                0x08004440       0x18 C:/pio_build/els-7e2-lcd2004/black_f407ze/SrcWrapper/src/stm32/uart.c.o
                0x08004440                UART5_IRQHandler
 .text.USART6_IRQHandler
                0x08004458       0x18 C:/pio_build/els-7e2-lcd2004/black_f407ze/SrcWrapper/src/stm32/uart.c.o
                0x08004458                USART6_IRQHandler
 .text._sbrk    0x08004470       0x3c C:/pio_build/els-7e2-lcd2004/black_f407ze/SrcWrapper/src/syscalls.c.o
                0x08004470                _sbrk
 .text._exit    0x080044ac        0x2 C:/pio_build/els-7e2-lcd2004/black_f407ze/SrcWrapper/src/syscalls.c.o
                0x080044ac                _exit
 *fill*         0x080044ae        0x2 
 .text._kill    0x080044b0       0x10 C:/pio_build/els-7e2-lcd2004/black_f407ze/SrcWrapper/src/syscalls.c.o
                0x080044b0                _kill
 .text._getpid  0x080044c0        0x4 C:/pio_build/els-7e2-lcd2004/black_f407ze/SrcWrapper/src/syscalls.c.o
                0x080044c0                _getpid
 .text._ZN9els_afeed12_GLOBAL__N_1L10clamp_spanElll
                0x080044c4       0x1e C:/pio_build/els-7e2-lcd2004/black_f407ze/src/els_afeed.cpp.o
 *fill*         0x080044e2        0x2 
 .text._ZN9els_afeed12_GLOBAL__N_1L13machine_resetEv
                0x080044e4       0x74 C:/pio_build/els-7e2-lcd2004/black_f407ze/src/els_afeed.cpp.o
 .text._ZN9els_afeed12_GLOBAL__N_1L8arm_nullElPh
                0x08004558       0x18 C:/pio_build/els-7e2-lcd2004/black_f407ze/src/els_afeed.cpp.o
 .text._ZN9els_afeed12_GLOBAL__N_1L8infeed_uEt
                0x08004570       0x2c C:/pio_build/els-7e2-lcd2004/black_f407ze/src/els_afeed.cpp.o
 .text._ZN9els_afeed12_GLOBAL__N_1L13want_z_towardEllPbS1_
                0x0800459c       0x2a C:/pio_build/els-7e2-lcd2004/black_f407ze/src/els_afeed.cpp.o
 *fill*         0x080045c6        0x2 
 .text._ZN9els_afeed6isBusyEv
                0x080045c8       0x24 C:/pio_build/els-7e2-lcd2004/black_f407ze/src/els_afeed.cpp.o
                0x080045c8                els_afeed::isBusy()
 .text._ZN9els_afeed33joystickLeftRightReservedForAfeedEbhtbbbb
                0x080045ec       0x26 C:/pio_build/els-7e2-lcd2004/black_f407ze/src/els_afeed.cpp.o
                0x080045ec                els_afeed::joystickLeftRightReservedForAfeed(bool, unsigned char, unsigned short, bool, bool, bool, bool)
 .text._ZN9els_afeed29joystickExtUdReservedForAfeedEbhbbbb
                0x08004612       0x22 C:/pio_build/els-7e2-lcd2004/black_f407ze/src/els_afeed.cpp.o
                0x08004612                els_afeed::joystickExtUdReservedForAfeed(bool, unsigned char, bool, bool, bool, bool)
 .text._ZN9els_afeed11adjustSoftXEllPlS0_
                0x08004634       0x3c C:/pio_build/els-7e2-lcd2004/black_f407ze/src/els_afeed.cpp.o
                0x08004634                els_afeed::adjustSoftX(long, long, long*, long*)
 .text._ZN9els_afeed11adjustSoftZEllPlS0_
                0x08004670       0x30 C:/pio_build/els-7e2-lcd2004/black_f407ze/src/els_afeed.cpp.o
                0x08004670                els_afeed::adjustSoftZ(long, long, long*, long*)
 .text._ZN9els_afeed8driveJogEllbhhbbbbllllttPhhmmPbS1_S1_S1_S1_S1_
                0x080046a0      0xa44 C:/pio_build/els-7e2-lcd2004/black_f407ze/src/els_afeed.cpp.o
                0x080046a0                els_afeed::driveJog(long, long, bool, unsigned char, unsigned char, bool, bool, bool, bool, long, long, long, long, unsigned short, unsigned short, unsigned char*, unsigned char, unsigned long, unsigned long, bool*, bool*, bool*, bool*, bool*, bool*)
 .text._ZL6readABhh
                0x080050e4       0x22 C:/pio_build/els-7e2-lcd2004/black_f407ze/src/linear_encoders.cpp.o
 .text._ZL9poll_zerohPhPmPlPFvvE
                0x08005106       0x42 C:/pio_build/els-7e2-lcd2004/black_f407ze/src/linear_encoders.cpp.o
 .text._Z18linearEncodersInitPFvvES0_
                0x08005148       0x64 C:/pio_build/els-7e2-lcd2004/black_f407ze/src/linear_encoders.cpp.o
                0x08005148                linearEncodersInit(void (*)(), void (*)())
 .text._Z18linearEncodersPollv
                0x080051ac       0xa0 C:/pio_build/els-7e2-lcd2004/black_f407ze/src/linear_encoders.cpp.o
                0x080051ac                linearEncodersPoll()
 .text._ZL14hwApplyDerivedv
                0x0800524c       0x3c C:/pio_build/els-7e2-lcd2004/black_f407ze/src/main.cpp.o
 .text._ZL7hwClampv
                0x08005288      0x110 C:/pio_build/els-7e2-lcd2004/black_f407ze/src/main.cpp.o
 .text._ZL5hwGet6HwItem
                0x08005398       0xdc C:/pio_build/els-7e2-lcd2004/black_f407ze/src/main.cpp.o
 .text._ZL18decodeModeFromBytehR4Mode
                0x08005474       0x6c C:/pio_build/els-7e2-lcd2004/black_f407ze/src/main.cpp.o
 .text._ZL28limitMinCorridorStepsForFeedb
                0x080054e0       0x3c C:/pio_build/els-7e2-lcd2004/black_f407ze/src/main.cpp.o
 .text._ZL17handEncoderReadABv
                0x0800551c       0x20 C:/pio_build/els-7e2-lcd2004/black_f407ze/src/main.cpp.o
 .text._ZL21handEncoderQuadUpdatev
                0x0800553c       0x34 C:/pio_build/els-7e2-lcd2004/black_f407ze/src/main.cpp.o
 .text._ZL15handEncoderIsrAv
                0x08005570        0x4 C:/pio_build/els-7e2-lcd2004/black_f407ze/src/main.cpp.o
 .text._ZL24spindleEncoderUiSnapshotv
                0x08005574      0x130 C:/pio_build/els-7e2-lcd2004/black_f407ze/src/main.cpp.o
 .text._ZL17limitsLedsRefreshv
                0x080056a4       0x40 C:/pio_build/els-7e2-lcd2004/black_f407ze/src/main.cpp.o
 .text._ZL12readModeBytev
                0x080056e4       0x2c C:/pio_build/els-7e2-lcd2004/black_f407ze/src/main.cpp.o
 .text._ZL21readHandAxisDebouncedv
                0x08005710       0x58 C:/pio_build/els-7e2-lcd2004/black_f407ze/src/main.cpp.o
 .text._ZL23limitsMechTripDebouncedv
                0x08005768       0x50 C:/pio_build/els-7e2-lcd2004/black_f407ze/src/main.cpp.o
 .text._ZL15motionInhibitedv
                0x080057b8       0x14 C:/pio_build/els-7e2-lcd2004/black_f407ze/src/main.cpp.o
 .text._ZL20debouncedJoystickDirv
                0x080057cc       0x94 C:/pio_build/els-7e2-lcd2004/black_f407ze/src/main.cpp.o
 .text._ZL13makeHwItemRowhPc
                0x08005860       0x78 C:/pio_build/els-7e2-lcd2004/black_f407ze/src/main.cpp.o
 .text._ZL8makeRow2Pc
                0x080058d8       0x28 C:/pio_build/els-7e2-lcd2004/black_f407ze/src/main.cpp.o
 .text._ZL7padTo20Pc
                0x08005900       0x24 C:/pio_build/els-7e2-lcd2004/black_f407ze/src/main.cpp.o
 .text._ZL20applySelectionMarkerhPc
                0x08005924       0x38 C:/pio_build/els-7e2-lcd2004/black_f407ze/src/main.cpp.o
 .text._ZL13beeperTriggert
                0x0800595c       0x2c C:/pio_build/els-7e2-lcd2004/black_f407ze/src/main.cpp.o
 .text._ZL26limitTeachArduinoContextOkv
                0x08005988       0x28 C:/pio_build/els-7e2-lcd2004/black_f407ze/src/main.cpp.o
 .text._ZL32softLimitsJoyRapidOverrideActivev
                0x080059b0       0x38 C:/pio_build/els-7e2-lcd2004/black_f407ze/src/main.cpp.o
 .text._ZL16softLimitAllowsZb
                0x080059e8       0xa8 C:/pio_build/els-7e2-lcd2004/black_f407ze/src/main.cpp.o
 .text._ZL16softLimitAllowsXb
                0x08005a90       0x9c C:/pio_build/els-7e2-lcd2004/black_f407ze/src/main.cpp.o
 .text._ZL13jogSetEnabledR10StepperJogb
                0x08005b2c       0x2c C:/pio_build/els-7e2-lcd2004/black_f407ze/src/main.cpp.o
 .text._ZZ5setupENUlvE0_4_FUNEv
                0x08005b58       0x10 C:/pio_build/els-7e2-lcd2004/black_f407ze/src/main.cpp.o
 .text._ZZ5setupENUlvE_4_FUNEv
                0x08005b68       0x10 C:/pio_build/els-7e2-lcd2004/black_f407ze/src/main.cpp.o
 .text._ZZL18updateHandWheelJogvENKUlbE_clEb.constprop.0
                0x08005b78       0x34 C:/pio_build/els-7e2-lcd2004/black_f407ze/src/main.cpp.o
 .text._ZL23readHandScaleMultiplierv
                0x08005bac       0x74 C:/pio_build/els-7e2-lcd2004/black_f407ze/src/main.cpp.o
 .text._ZL21handEncoderUiSnapshotv
                0x08005c20       0x74 C:/pio_build/els-7e2-lcd2004/black_f407ze/src/main.cpp.o
 .text._ZL13jogUpdateStepR10StepperJogbbmb
                0x08005c94      0x110 C:/pio_build/els-7e2-lcd2004/black_f407ze/src/main.cpp.o
 .text._ZL18updateHandWheelJogv
                0x08005da4      0x11c C:/pio_build/els-7e2-lcd2004/black_f407ze/src/main.cpp.o
 .text._ZL9hwCalcCrcRK10HwSettings
                0x08005ec0       0x52 C:/pio_build/els-7e2-lcd2004/black_f407ze/src/main.cpp.o
 *fill*         0x08005f12        0x2 
 .text.LL_GPIO_SetAFPin_0_7.constprop.0
                0x08005f14       0x34 C:/pio_build/els-7e2-lcd2004/black_f407ze/src/main.cpp.o
 .text._ZL15handEncoderIsrBv
                0x08005f48        0x4 C:/pio_build/els-7e2-lcd2004/black_f407ze/src/main.cpp.o
 .text._ZL13updateDisplayv
                0x08005f4c      0x4a8 C:/pio_build/els-7e2-lcd2004/black_f407ze/src/main.cpp.o
 .text._ZL13applyKeyPresshb
                0x080063f4      0x330 C:/pio_build/els-7e2-lcd2004/black_f407ze/src/main.cpp.o
 .text.setup    0x08006724      0x5d8 C:/pio_build/els-7e2-lcd2004/black_f407ze/src/main.cpp.o
                0x08006724                setup
 .text.loop     0x08006cfc      0xf1c C:/pio_build/els-7e2-lcd2004/black_f407ze/src/main.cpp.o
                0x08006cfc                loop
 .text.startup._GLOBAL__sub_I_lcd
                0x08007c18       0x10 C:/pio_build/els-7e2-lcd2004/black_f407ze/src/main.cpp.o
 .text._ZN5Print17availableForWriteEv
                0x08007c28        0x4 C:/pio_build/els-7e2-lcd2004/black_f407ze/lib302/libWire.a(Wire.cpp.o)
                0x08007c28                Print::availableForWrite()
 .text._ZN7TwoWire9availableEv
                0x08007c2c        0x8 C:/pio_build/els-7e2-lcd2004/black_f407ze/lib302/libWire.a(Wire.cpp.o)
                0x08007c2c                TwoWire::available()
 .text._ZN7TwoWire4readEv
                0x08007c34       0x1a C:/pio_build/els-7e2-lcd2004/black_f407ze/lib302/libWire.a(Wire.cpp.o)
                0x08007c34                TwoWire::read()
 .text._ZN7TwoWire4peekEv
                0x08007c4e       0x12 C:/pio_build/els-7e2-lcd2004/black_f407ze/lib302/libWire.a(Wire.cpp.o)
                0x08007c4e                TwoWire::peek()
 .text._ZN7TwoWire16onRequestServiceEP5i2c_s
                0x08007c60       0x16 C:/pio_build/els-7e2-lcd2004/black_f407ze/lib302/libWire.a(Wire.cpp.o)
                0x08007c60                TwoWire::onRequestService(i2c_s*)
 *fill*         0x08007c76        0x2 
 .text._ZN7TwoWireC2Emm
                0x08007c78       0xcc C:/pio_build/els-7e2-lcd2004/black_f407ze/lib302/libWire.a(Wire.cpp.o)
                0x08007c78                TwoWire::TwoWire(unsigned long, unsigned long)
                0x08007c78                TwoWire::TwoWire(unsigned long, unsigned long)
 .text._ZN7TwoWire3endEv
                0x08007d44       0x28 C:/pio_build/els-7e2-lcd2004/black_f407ze/lib302/libWire.a(Wire.cpp.o)
                0x08007d44                TwoWire::end()
 .text._ZN7TwoWireD2Ev
                0x08007d6c       0x28 C:/pio_build/els-7e2-lcd2004/black_f407ze/lib302/libWire.a(Wire.cpp.o)
                0x08007d6c                TwoWire::~TwoWire()
                0x08007d6c                TwoWire::~TwoWire()
 .text._ZN7TwoWire8setClockEm
                0x08007d94       0x34 C:/pio_build/els-7e2-lcd2004/black_f407ze/lib302/libWire.a(Wire.cpp.o)
                0x08007d94                TwoWire::setClock(unsigned long)
 .text._ZN7TwoWire17beginTransmissionEh
                0x08007dc8       0x10 C:/pio_build/els-7e2-lcd2004/black_f407ze/lib302/libWire.a(Wire.cpp.o)
                0x08007dc8                TwoWire::beginTransmission(unsigned char)
 .text._ZN7TwoWire16allocateRxBufferEj
                0x08007dd8       0x24 C:/pio_build/els-7e2-lcd2004/black_f407ze/lib302/libWire.a(Wire.cpp.o)
                0x08007dd8                TwoWire::allocateRxBuffer(unsigned int)
 .text._ZN7TwoWire16onReceiveServiceEP5i2c_s
                0x08007dfc       0x4c C:/pio_build/els-7e2-lcd2004/black_f407ze/lib302/libWire.a(Wire.cpp.o)
                0x08007dfc                TwoWire::onReceiveService(i2c_s*)
 .text._ZN7TwoWire16allocateTxBufferEj
                0x08007e48       0x32 C:/pio_build/els-7e2-lcd2004/black_f407ze/lib302/libWire.a(Wire.cpp.o)
                0x08007e48                TwoWire::allocateTxBuffer(unsigned int)
 .text._ZN7TwoWire5writeEh
                0x08007e7a       0x42 C:/pio_build/els-7e2-lcd2004/black_f407ze/lib302/libWire.a(Wire.cpp.o)
                0x08007e7a                TwoWire::write(unsigned char)
 .text._ZN7TwoWire5writeEPKhj
                0x08007ebc       0x42 C:/pio_build/els-7e2-lcd2004/black_f407ze/lib302/libWire.a(Wire.cpp.o)
                0x08007ebc                TwoWire::write(unsigned char const*, unsigned int)
 .text._ZN7TwoWire13resetRxBufferEv
                0x08007efe       0x10 C:/pio_build/els-7e2-lcd2004/black_f407ze/lib302/libWire.a(Wire.cpp.o)
                0x08007efe                TwoWire::resetRxBuffer()
 .text._ZN7TwoWire13resetTxBufferEv
                0x08007f0e       0x10 C:/pio_build/els-7e2-lcd2004/black_f407ze/lib302/libWire.a(Wire.cpp.o)
                0x08007f0e                TwoWire::resetTxBuffer()
 .text._ZN7TwoWire15endTransmissionEh
                0x08007f1e       0x46 C:/pio_build/els-7e2-lcd2004/black_f407ze/lib302/libWire.a(Wire.cpp.o)
                0x08007f1e                TwoWire::endTransmission(unsigned char)
 .text._ZN7TwoWire15endTransmissionEv
                0x08007f64        0x6 C:/pio_build/els-7e2-lcd2004/black_f407ze/lib302/libWire.a(Wire.cpp.o)
                0x08007f64                TwoWire::endTransmission()
 .text._ZN7TwoWire5flushEv
                0x08007f6a       0x18 C:/pio_build/els-7e2-lcd2004/black_f407ze/lib302/libWire.a(Wire.cpp.o)
                0x08007f6a                TwoWire::flush()
 *fill*         0x08007f82        0x2 
 .text._ZN7TwoWire10recoverBusEv
                0x08007f84       0xcc C:/pio_build/els-7e2-lcd2004/black_f407ze/lib302/libWire.a(Wire.cpp.o)
                0x08007f84                TwoWire::recoverBus()
 .text._ZN7TwoWire5beginEhbb
                0x08008050       0x9c C:/pio_build/els-7e2-lcd2004/black_f407ze/lib302/libWire.a(Wire.cpp.o)
                0x08008050                TwoWire::begin(unsigned char, bool, bool)
 .text._ZN7TwoWire5beginEb
                0x080080ec        0xa C:/pio_build/els-7e2-lcd2004/black_f407ze/lib302/libWire.a(Wire.cpp.o)
                0x080080ec                TwoWire::begin(bool)
 *fill*         0x080080f6        0x2 
 .text.startup._GLOBAL__sub_I__ZN7TwoWireC2Emm
                0x080080f8       0x10 C:/pio_build/els-7e2-lcd2004/black_f407ze/lib302/libWire.a(Wire.cpp.o)
 .text.exit._GLOBAL__sub_D__ZN7TwoWireC2Emm
                0x08008108        0xc C:/pio_build/els-7e2-lcd2004/black_f407ze/lib302/libWire.a(Wire.cpp.o)
 .text.i2c_init
                0x08008114      0x1bc C:/pio_build/els-7e2-lcd2004/black_f407ze/lib302/libWire.a(twi.c.o)
                0x08008114                i2c_init
 .text.i2c_deinit
                0x080082d0       0xa0 C:/pio_build/els-7e2-lcd2004/black_f407ze/lib302/libWire.a(twi.c.o)
                0x080082d0                i2c_deinit
 .text.i2c_setTiming
                0x08008370       0x60 C:/pio_build/els-7e2-lcd2004/black_f407ze/lib302/libWire.a(twi.c.o)
                0x08008370                i2c_setTiming
 .text.i2c_slave_write_IT
                0x080083d0       0x34 C:/pio_build/els-7e2-lcd2004/black_f407ze/lib302/libWire.a(twi.c.o)
                0x080083d0                i2c_slave_write_IT
 .text.i2c_IsDeviceReady
                0x08008404       0x40 C:/pio_build/els-7e2-lcd2004/black_f407ze/lib302/libWire.a(twi.c.o)
                0x08008404                i2c_IsDeviceReady
 .text.i2c_master_write
                0x08008444       0xa2 C:/pio_build/els-7e2-lcd2004/black_f407ze/lib302/libWire.a(twi.c.o)
                0x08008444                i2c_master_write
 .text.i2c_attachSlaveRxEvent
                0x080084e6        0xe C:/pio_build/els-7e2-lcd2004/black_f407ze/lib302/libWire.a(twi.c.o)
                0x080084e6                i2c_attachSlaveRxEvent
 .text.i2c_attachSlaveTxEvent
                0x080084f4        0xe C:/pio_build/els-7e2-lcd2004/black_f407ze/lib302/libWire.a(twi.c.o)
                0x080084f4                i2c_attachSlaveTxEvent
 .text.HAL_I2C_AddrCallback
                0x08008502       0x68 C:/pio_build/els-7e2-lcd2004/black_f407ze/lib302/libWire.a(twi.c.o)
                0x08008502                HAL_I2C_AddrCallback
 .text.HAL_I2C_ListenCpltCallback
                0x0800856a       0x2a C:/pio_build/els-7e2-lcd2004/black_f407ze/lib302/libWire.a(twi.c.o)
                0x0800856a                HAL_I2C_ListenCpltCallback
 .text.HAL_I2C_SlaveRxCpltCallback
                0x08008594       0x24 C:/pio_build/els-7e2-lcd2004/black_f407ze/lib302/libWire.a(twi.c.o)
                0x08008594                HAL_I2C_SlaveRxCpltCallback
 .text.HAL_I2C_SlaveTxCpltCallback
                0x080085b8        0x8 C:/pio_build/els-7e2-lcd2004/black_f407ze/lib302/libWire.a(twi.c.o)
                0x080085b8                HAL_I2C_SlaveTxCpltCallback
 .text.HAL_I2C_ErrorCallback
                0x080085c0        0xc C:/pio_build/els-7e2-lcd2004/black_f407ze/lib302/libWire.a(twi.c.o)
                0x080085c0                HAL_I2C_ErrorCallback
 .text.I2C1_EV_IRQHandler
                0x080085cc        0xc C:/pio_build/els-7e2-lcd2004/black_f407ze/lib302/libWire.a(twi.c.o)
                0x080085cc                I2C1_EV_IRQHandler
 .text.I2C1_ER_IRQHandler
                0x080085d8        0xc C:/pio_build/els-7e2-lcd2004/black_f407ze/lib302/libWire.a(twi.c.o)
                0x080085d8                I2C1_ER_IRQHandler
 .text.I2C2_EV_IRQHandler
                0x080085e4        0xc C:/pio_build/els-7e2-lcd2004/black_f407ze/lib302/libWire.a(twi.c.o)
                0x080085e4                I2C2_EV_IRQHandler
 .text.I2C2_ER_IRQHandler
                0x080085f0        0xc C:/pio_build/els-7e2-lcd2004/black_f407ze/lib302/libWire.a(twi.c.o)
                0x080085f0                I2C2_ER_IRQHandler
 .text.I2C3_EV_IRQHandler
                0x080085fc        0xc C:/pio_build/els-7e2-lcd2004/black_f407ze/lib302/libWire.a(twi.c.o)
                0x080085fc                I2C3_EV_IRQHandler
 .text.I2C3_ER_IRQHandler
                0x08008608        0xc C:/pio_build/els-7e2-lcd2004/black_f407ze/lib302/libWire.a(twi.c.o)
                0x08008608                I2C3_ER_IRQHandler
 .text._ZN5Print5flushEv
                0x08008614        0x2 C:/pio_build/els-7e2-lcd2004/black_f407ze/lib0ae/libLiquidCrystal_I2C.a(LiquidCrystal_I2C.cpp.o)
                0x08008614                Print::flush()
 *fill*         0x08008616        0x2 
 .text._ZN17LiquidCrystal_I2CC2Ehhh
                0x08008618       0x1c C:/pio_build/els-7e2-lcd2004/black_f407ze/lib0ae/libLiquidCrystal_I2C.a(LiquidCrystal_I2C.cpp.o)
                0x08008618                LiquidCrystal_I2C::LiquidCrystal_I2C(unsigned char, unsigned char, unsigned char)
                0x08008618                LiquidCrystal_I2C::LiquidCrystal_I2C(unsigned char, unsigned char, unsigned char)
 .text._ZN17LiquidCrystal_I2C13expanderWriteEh
                0x08008634       0x28 C:/pio_build/els-7e2-lcd2004/black_f407ze/lib0ae/libLiquidCrystal_I2C.a(LiquidCrystal_I2C.cpp.o)
                0x08008634                LiquidCrystal_I2C::expanderWrite(unsigned char)
 .text._ZN17LiquidCrystal_I2C9backlightEv
                0x0800865c        0xa C:/pio_build/els-7e2-lcd2004/black_f407ze/lib0ae/libLiquidCrystal_I2C.a(LiquidCrystal_I2C.cpp.o)
                0x0800865c                LiquidCrystal_I2C::backlight()
 *fill*         0x08008666        0x2 
 .text._ZN17LiquidCrystal_I2C11pulseEnableEh
                0x08008668       0x54 C:/pio_build/els-7e2-lcd2004/black_f407ze/lib0ae/libLiquidCrystal_I2C.a(LiquidCrystal_I2C.cpp.o)
                0x08008668                LiquidCrystal_I2C::pulseEnable(unsigned char)
 .text._ZN17LiquidCrystal_I2C10write4bitsEh
                0x080086bc       0x16 C:/pio_build/els-7e2-lcd2004/black_f407ze/lib0ae/libLiquidCrystal_I2C.a(LiquidCrystal_I2C.cpp.o)
                0x080086bc                LiquidCrystal_I2C::write4bits(unsigned char)
 .text._ZN17LiquidCrystal_I2C4sendEhh
                0x080086d2       0x22 C:/pio_build/els-7e2-lcd2004/black_f407ze/lib0ae/libLiquidCrystal_I2C.a(LiquidCrystal_I2C.cpp.o)
                0x080086d2                LiquidCrystal_I2C::send(unsigned char, unsigned char)
 .text._ZN17LiquidCrystal_I2C5writeEh
                0x080086f4        0xc C:/pio_build/els-7e2-lcd2004/black_f407ze/lib0ae/libLiquidCrystal_I2C.a(LiquidCrystal_I2C.cpp.o)
                0x080086f4                LiquidCrystal_I2C::write(unsigned char)
 .text._ZN17LiquidCrystal_I2C7commandEh
                0x08008700        0x6 C:/pio_build/els-7e2-lcd2004/black_f407ze/lib0ae/libLiquidCrystal_I2C.a(LiquidCrystal_I2C.cpp.o)
                0x08008700                LiquidCrystal_I2C::command(unsigned char)
 *fill*         0x08008706        0x2 
 .text._ZN17LiquidCrystal_I2C4homeEv
                0x08008708       0x34 C:/pio_build/els-7e2-lcd2004/black_f407ze/lib0ae/libLiquidCrystal_I2C.a(LiquidCrystal_I2C.cpp.o)
                0x08008708                LiquidCrystal_I2C::home()
 .text._ZN17LiquidCrystal_I2C9setCursorEhh
                0x0800873c       0x40 C:/pio_build/els-7e2-lcd2004/black_f407ze/lib0ae/libLiquidCrystal_I2C.a(LiquidCrystal_I2C.cpp.o)
                0x0800873c                LiquidCrystal_I2C::setCursor(unsigned char, unsigned char)
 .text._ZN17LiquidCrystal_I2C5clearEv
                0x0800877c       0x48 C:/pio_build/els-7e2-lcd2004/black_f407ze/lib0ae/libLiquidCrystal_I2C.a(LiquidCrystal_I2C.cpp.o)
                0x0800877c                LiquidCrystal_I2C::clear()
 .text._ZN17LiquidCrystal_I2C7displayEv
                0x080087c4       0x14 C:/pio_build/els-7e2-lcd2004/black_f407ze/lib0ae/libLiquidCrystal_I2C.a(LiquidCrystal_I2C.cpp.o)
                0x080087c4                LiquidCrystal_I2C::display()
 .text._ZN17LiquidCrystal_I2C5beginEhhh
                0x080087d8       0xe8 C:/pio_build/els-7e2-lcd2004/black_f407ze/lib0ae/libLiquidCrystal_I2C.a(LiquidCrystal_I2C.cpp.o)
                0x080087d8                LiquidCrystal_I2C::begin(unsigned char, unsigned char, unsigned char)
 .text._ZN17LiquidCrystal_I2C9init_privEv
                0x080088c0       0x24 C:/pio_build/els-7e2-lcd2004/black_f407ze/lib0ae/libLiquidCrystal_I2C.a(LiquidCrystal_I2C.cpp.o)
                0x080088c0                LiquidCrystal_I2C::init_priv()
 .text._ZN17LiquidCrystal_I2C4initEv
                0x080088e4        0x4 C:/pio_build/els-7e2-lcd2004/black_f407ze/lib0ae/libLiquidCrystal_I2C.a(LiquidCrystal_I2C.cpp.o)
                0x080088e4                LiquidCrystal_I2C::init()
 .text.eeprom_buffer_fill
                0x080088e8       0x18 C:/pio_build/els-7e2-lcd2004/black_f407ze/liba69/libEEPROM.a(stm32_eeprom.c.o)
                0x080088e8                eeprom_buffer_fill
 .text.eeprom_read_byte
                0x08008900       0x14 C:/pio_build/els-7e2-lcd2004/black_f407ze/liba69/libEEPROM.a(stm32_eeprom.c.o)
                0x08008900                eeprom_read_byte
 .text.eeprom_buffer_flush
                0x08008914       0x54 C:/pio_build/els-7e2-lcd2004/black_f407ze/liba69/libEEPROM.a(stm32_eeprom.c.o)
                0x08008914                eeprom_buffer_flush
 .text.eeprom_write_byte
                0x08008968        0xc C:/pio_build/els-7e2-lcd2004/black_f407ze/liba69/libEEPROM.a(stm32_eeprom.c.o)
                0x08008968                eeprom_write_byte
 .text._ZN5Print5writeEPKhj
                0x08008974       0x2c C:/pio_build/els-7e2-lcd2004/black_f407ze/libFrameworkArduino.a(Print.cpp.o)
                0x08008974                Print::write(unsigned char const*, unsigned int)
 .text._ZN5Print5writeEPKc
                0x080089a0       0x20 C:/pio_build/els-7e2-lcd2004/black_f407ze/libFrameworkArduino.a(Print.cpp.o)
                0x080089a0                Print::write(char const*)
 .text._ZN5Print5printEPKc
                0x080089c0        0x8 C:/pio_build/els-7e2-lcd2004/black_f407ze/libFrameworkArduino.a(Print.cpp.o)
                0x080089c0                Print::print(char const*)
 .text._ZN5Print5printEc
                0x080089c8        0x6 C:/pio_build/els-7e2-lcd2004/black_f407ze/libFrameworkArduino.a(Print.cpp.o)
                0x080089c8                Print::print(char)
 .text._ZN6Stream9timedReadEv
                0x080089ce       0x2a C:/pio_build/els-7e2-lcd2004/black_f407ze/libFrameworkArduino.a(Stream.cpp.o)
                0x080089ce                Stream::timedRead()
 .text._ZN6Stream9readBytesEPcj
                0x080089f8       0x22 C:/pio_build/els-7e2-lcd2004/black_f407ze/libFrameworkArduino.a(Stream.cpp.o)
                0x080089f8                Stream::readBytes(char*, unsigned int)
 .text._ZN6Stream14readBytesUntilEcPcj
                0x08008a1a       0x30 C:/pio_build/els-7e2-lcd2004/black_f407ze/libFrameworkArduino.a(Stream.cpp.o)
                0x08008a1a                Stream::readBytesUntil(char, char*, unsigned int)
 *fill*         0x08008a4a        0x2 
 .text._Z15attachInterruptmSt8functionIFvvEEm
                0x08008a4c       0x80 C:/pio_build/els-7e2-lcd2004/black_f407ze/libFrameworkArduino.a(WInterrupts.cpp.o)
                0x08008a4c                attachInterrupt(unsigned long, std::function<void ()>, unsigned long)
 .text.startup._Z7premainv
                0x08008acc       0x10 C:/pio_build/els-7e2-lcd2004/black_f407ze/libFrameworkArduino.a(main.cpp.o)
                0x08008acc                premain()
 .text.startup.main
                0x08008adc       0x14 C:/pio_build/els-7e2-lcd2004/black_f407ze/libFrameworkArduino.a(main.cpp.o)
                0x08008adc                main
 .text.pinNametoDigitalPin
                0x08008af0       0x34 C:/pio_build/els-7e2-lcd2004/black_f407ze/libFrameworkArduino.a(pins_arduino.c.o)
                0x08008af0                pinNametoDigitalPin
 .text.analogInputToPinName
                0x08008b24       0x78 C:/pio_build/els-7e2-lcd2004/black_f407ze/libFrameworkArduino.a(pins_arduino.c.o)
                0x08008b24                analogInputToPinName
 .text.Reset_Handler
                0x08008b9c       0x50 C:/pio_build/els-7e2-lcd2004/black_f407ze/libFrameworkArduino.a(startup_stm32yyxx.S.o)
                0x08008b9c                Reset_Handler
 .text.Default_Handler
                0x08008bec        0x2 C:/pio_build/els-7e2-lcd2004/black_f407ze/libFrameworkArduino.a(startup_stm32yyxx.S.o)
                0x08008bec                RTC_Alarm_IRQHandler
                0x08008bec                HASH_RNG_IRQHandler
                0x08008bec                DebugMon_Handler
                0x08008bec                DMA2_Stream5_IRQHandler
                0x08008bec                HardFault_Handler
                0x08008bec                DMA1_Stream5_IRQHandler
                0x08008bec                PVD_IRQHandler
                0x08008bec                SDIO_IRQHandler
                0x08008bec                TAMP_STAMP_IRQHandler
                0x08008bec                PendSV_Handler
                0x08008bec                NMI_Handler
                0x08008bec                CAN2_RX1_IRQHandler
                0x08008bec                DMA1_Stream2_IRQHandler
                0x08008bec                CAN1_RX0_IRQHandler
                0x08008bec                FPU_IRQHandler
                0x08008bec                OTG_HS_WKUP_IRQHandler
                0x08008bec                UsageFault_Handler
                0x08008bec                CAN2_SCE_IRQHandler
                0x08008bec                DMA2_Stream2_IRQHandler
                0x08008bec                SPI1_IRQHandler
                0x08008bec                DCMI_IRQHandler
                0x08008bec                CAN2_RX0_IRQHandler
                0x08008bec                DMA2_Stream3_IRQHandler
                0x08008bec                CAN1_RX1_IRQHandler
                0x08008bec                DMA2_Stream0_IRQHandler
                0x08008bec                DMA1_Stream6_IRQHandler
                0x08008bec                DMA1_Stream1_IRQHandler
                0x08008bec                RCC_IRQHandler
                0x08008bec                Default_Handler
                0x08008bec                ADC_IRQHandler
                0x08008bec                DMA1_Stream7_IRQHandler
                0x08008bec                CAN2_TX_IRQHandler
                0x08008bec                DMA2_Stream7_IRQHandler
                0x08008bec                RTC_WKUP_IRQHandler
                0x08008bec                ETH_WKUP_IRQHandler
                0x08008bec                SPI2_IRQHandler
                0x08008bec                OTG_HS_EP1_IN_IRQHandler
                0x08008bec                MemManage_Handler
                0x08008bec                DMA1_Stream0_IRQHandler
                0x08008bec                CAN1_TX_IRQHandler
                0x08008bec                SVC_Handler
                0x08008bec                FSMC_IRQHandler
                0x08008bec                ETH_IRQHandler
                0x08008bec                OTG_HS_EP1_OUT_IRQHandler
                0x08008bec                WWDG_IRQHandler
                0x08008bec                OTG_FS_WKUP_IRQHandler
                0x08008bec                OTG_HS_IRQHandler
                0x08008bec                DMA2_Stream1_IRQHandler
                0x08008bec                CAN1_SCE_IRQHandler
                0x08008bec                FLASH_IRQHandler
                0x08008bec                DMA2_Stream4_IRQHandler
                0x08008bec                BusFault_Handler
                0x08008bec                OTG_FS_IRQHandler
                0x08008bec                SPI3_IRQHandler
                0x08008bec                DMA1_Stream4_IRQHandler
                0x08008bec                DMA2_Stream6_IRQHandler
                0x08008bec                DMA1_Stream3_IRQHandler
 .text.mapResolution
                0x08008bee       0x26 C:/pio_build/els-7e2-lcd2004/black_f407ze/libFrameworkArduino.a(wiring_analog.c.o)
 .text.analogRead
                0x08008c14       0x2c C:/pio_build/els-7e2-lcd2004/black_f407ze/libFrameworkArduino.a(wiring_analog.c.o)
                0x08008c14                analogRead
 .text.pinMode  0x08008c40       0xd4 C:/pio_build/els-7e2-lcd2004/black_f407ze/libFrameworkArduino.a(wiring_digital.c.o)
                0x08008c40                pinMode
 .text.digitalWrite
                0x08008d14       0x70 C:/pio_build/els-7e2-lcd2004/black_f407ze/libFrameworkArduino.a(wiring_digital.c.o)
                0x08008d14                digitalWrite
 .text.digitalRead
                0x08008d84       0x78 C:/pio_build/els-7e2-lcd2004/black_f407ze/libFrameworkArduino.a(wiring_digital.c.o)
                0x08008d84                digitalRead
 .text.millis   0x08008dfc        0x4 C:/pio_build/els-7e2-lcd2004/black_f407ze/libFrameworkArduino.a(wiring_time.c.o)
                0x08008dfc                millis
 .text.micros   0x08008e00        0x4 C:/pio_build/els-7e2-lcd2004/black_f407ze/libFrameworkArduino.a(wiring_time.c.o)
                0x08008e00                micros
 .text.delay    0x08008e04       0x1c C:/pio_build/els-7e2-lcd2004/black_f407ze/libFrameworkArduino.a(wiring_time.c.o)
                0x08008e04                delay
 .text._Z14serialEventRunv
                0x08008e20       0x1c C:/pio_build/els-7e2-lcd2004/black_f407ze/libFrameworkArduino.a(WSerial.cpp.o)
                0x08008e20                serialEventRun()
 .text.init     0x08008e3c        0x4 C:/pio_build/els-7e2-lcd2004/black_f407ze/libFrameworkArduino.a(board.c.o)
                0x08008e3c                init
 .text.__empty  0x08008e40        0x2 C:/pio_build/els-7e2-lcd2004/black_f407ze/libFrameworkArduino.a(hooks.c.o)
                0x08008e40                yield
 .text._ZN14HardwareSerial9availableEv
                0x08008e42       0x10 C:/pio_build/els-7e2-lcd2004/black_f407ze/libFrameworkArduino.a(HardwareSerial.cpp.o)
                0x08008e42                HardwareSerial::available()
 .text._ZN14HardwareSerial4peekEv
                0x08008e52       0x1a C:/pio_build/els-7e2-lcd2004/black_f407ze/libFrameworkArduino.a(HardwareSerial.cpp.o)
                0x08008e52                HardwareSerial::peek()
 .text._ZN14HardwareSerial17availableForWriteEv
                0x08008e6c       0x1c C:/pio_build/els-7e2-lcd2004/black_f407ze/libFrameworkArduino.a(HardwareSerial.cpp.o)
                0x08008e6c                HardwareSerial::availableForWrite()
 .text._ZN14HardwareSerial5writeEh
                0x08008e88       0x18 C:/pio_build/els-7e2-lcd2004/black_f407ze/libFrameworkArduino.a(HardwareSerial.cpp.o)
                0x08008e88                HardwareSerial::write(unsigned char)
 .text._ZN14HardwareSerial16_tx_complete_irqEP8serial_s
                0x08008ea0       0x60 C:/pio_build/els-7e2-lcd2004/black_f407ze/libFrameworkArduino.a(HardwareSerial.cpp.o)
                0x08008ea0                HardwareSerial::_tx_complete_irq(serial_s*)
 .text._ZN14HardwareSerial5writeEPKhj
                0x08008f00       0xe4 C:/pio_build/els-7e2-lcd2004/black_f407ze/libFrameworkArduino.a(HardwareSerial.cpp.o)
                0x08008f00                HardwareSerial::write(unsigned char const*, unsigned int)
 .text._ZN14HardwareSerial4initE7PinNameS0_S0_S0_
                0x08008fe4       0x32 C:/pio_build/els-7e2-lcd2004/black_f407ze/libFrameworkArduino.a(HardwareSerial.cpp.o)
                0x08008fe4                HardwareSerial::init(PinName, PinName, PinName, PinName)
 *fill*         0x08009016        0x2 
 .text._ZN14HardwareSerialC2EPv16HalfDuplexMode_t
                0x08009018       0x94 C:/pio_build/els-7e2-lcd2004/black_f407ze/libFrameworkArduino.a(HardwareSerial.cpp.o)
                0x08009018                HardwareSerial::HardwareSerial(void*, HalfDuplexMode_t)
                0x08009018                HardwareSerial::HardwareSerial(void*, HalfDuplexMode_t)
 .text._ZN14HardwareSerial5flushEm
                0x080090ac       0x36 C:/pio_build/els-7e2-lcd2004/black_f407ze/libFrameworkArduino.a(HardwareSerial.cpp.o)
                0x080090ac                HardwareSerial::flush(unsigned long)
 .text._ZN14HardwareSerial5flushEv
                0x080090e2        0x6 C:/pio_build/els-7e2-lcd2004/black_f407ze/libFrameworkArduino.a(HardwareSerial.cpp.o)
                0x080090e2                HardwareSerial::flush()
 .text._ZN14HardwareSerial18enableHalfDuplexRxEv
                0x080090e8       0x2c C:/pio_build/els-7e2-lcd2004/black_f407ze/libFrameworkArduino.a(HardwareSerial.cpp.o)
                0x080090e8                HardwareSerial::enableHalfDuplexRx()
 .text._ZN14HardwareSerial4readEv
                0x08009114       0x2e C:/pio_build/els-7e2-lcd2004/black_f407ze/libFrameworkArduino.a(HardwareSerial.cpp.o)
                0x08009114                HardwareSerial::read()
 *fill*         0x08009142        0x2 
 .text.startup._GLOBAL__sub_I_Serial1
                0x08009144       0x14 C:/pio_build/els-7e2-lcd2004/black_f407ze/libFrameworkArduino.a(HardwareSerial.cpp.o)
 .text.__udivmoddi4
                0x08009158      0x2bc /home/alpri/.platformio/packages/toolchain-gccarmnoneeabi/bin/../lib/gcc/arm-none-eabi/12.3.1/thumb/v7e-m+fp/hard/libgcc.a(_udivmoddi4.o)
                0x08009158                __udivmoddi4
 .text.unlikely._ZSt25__throw_bad_function_callv
                0x08009414        0x6 /home/alpri/.platformio/packages/toolchain-gccarmnoneeabi/bin/../lib/gcc/arm-none-eabi/12.3.1/../../../../arm-none-eabi/lib/thumb/v7e-m+fp/hard/libstdc++_nano.a(functional.o)
                0x08009414                std::__throw_bad_function_call()
 *fill*         0x0800941a        0x2 
 .text.lroundf  0x0800941c       0x68 /home/alpri/.platformio/packages/toolchain-gccarmnoneeabi/bin/../lib/gcc/arm-none-eabi/12.3.1/../../../../arm-none-eabi/lib/thumb/v7e-m+fp/hard/libm.a(libm_a-sf_lround.o)
                0x0800941c                lroundf
 .text.abort    0x08009484        0xe /home/alpri/.platformio/packages/toolchain-gccarmnoneeabi/bin/../lib/gcc/arm-none-eabi/12.3.1/../../../../arm-none-eabi/lib/thumb/v7e-m+fp/hard/libc_nano.a(libc_a-abort.o)
                0x08009484                abort
 *fill*         0x08009492        0x2 
 .text.malloc   0x08009494       0x10 /home/alpri/.platformio/packages/toolchain-gccarmnoneeabi/bin/../lib/gcc/arm-none-eabi/12.3.1/../../../../arm-none-eabi/lib/thumb/v7e-m+fp/hard/libc_nano.a(libc_a-malloc.o)
                0x08009494                malloc
 .text.free     0x080094a4       0x10 /home/alpri/.platformio/packages/toolchain-gccarmnoneeabi/bin/../lib/gcc/arm-none-eabi/12.3.1/../../../../arm-none-eabi/lib/thumb/v7e-m+fp/hard/libc_nano.a(libc_a-malloc.o)
                0x080094a4                free
 .text.sbrk_aligned
                0x080094b4       0x44 /home/alpri/.platformio/packages/toolchain-gccarmnoneeabi/bin/../lib/gcc/arm-none-eabi/12.3.1/../../../../arm-none-eabi/lib/thumb/v7e-m+fp/hard/libc_nano.a(libc_a-mallocr.o)
 .text._malloc_r
                0x080094f8      0x100 /home/alpri/.platformio/packages/toolchain-gccarmnoneeabi/bin/../lib/gcc/arm-none-eabi/12.3.1/../../../../arm-none-eabi/lib/thumb/v7e-m+fp/hard/libc_nano.a(libc_a-mallocr.o)
                0x080094f8                _malloc_r
 .text.__malloc_lock
                0x080095f8        0xc /home/alpri/.platformio/packages/toolchain-gccarmnoneeabi/bin/../lib/gcc/arm-none-eabi/12.3.1/../../../../arm-none-eabi/lib/thumb/v7e-m+fp/hard/libc_nano.a(libc_a-mlock.o)
                0x080095f8                __malloc_lock
 .text.__malloc_unlock
                0x08009604        0xc /home/alpri/.platformio/packages/toolchain-gccarmnoneeabi/bin/../lib/gcc/arm-none-eabi/12.3.1/../../../../arm-none-eabi/lib/thumb/v7e-m+fp/hard/libc_nano.a(libc_a-mlock.o)
                0x08009604                __malloc_unlock
 .text.realloc  0x08009610       0x10 /home/alpri/.platformio/packages/toolchain-gccarmnoneeabi/bin/../lib/gcc/arm-none-eabi/12.3.1/../../../../arm-none-eabi/lib/thumb/v7e-m+fp/hard/libc_nano.a(libc_a-realloc.o)
                0x08009610                realloc
 .text._realloc_r
                0x08009620       0x5c /home/alpri/.platformio/packages/toolchain-gccarmnoneeabi/bin/../lib/gcc/arm-none-eabi/12.3.1/../../../../arm-none-eabi/lib/thumb/v7e-m+fp/hard/libc_nano.a(libc_a-reallocr.o)
                0x08009620                _realloc_r
 .text.snprintf
                0x0800967c       0x68 /home/alpri/.platformio/packages/toolchain-gccarmnoneeabi/bin/../lib/gcc/arm-none-eabi/12.3.1/../../../../arm-none-eabi/lib/thumb/v7e-m+fp/hard/libc_nano.a(libc_a-snprintf.o)
                0x0800967c                snprintf
                0x0800967c                sniprintf
 .text.memmove  0x080096e4       0x34 /home/alpri/.platformio/packages/toolchain-gccarmnoneeabi/bin/../lib/gcc/arm-none-eabi/12.3.1/../../../../arm-none-eabi/lib/thumb/v7e-m+fp/hard/libc_nano.a(libc_a-memmove.o)
                0x080096e4                memmove
 .text.memset   0x08009718       0x10 /home/alpri/.platformio/packages/toolchain-gccarmnoneeabi/bin/../lib/gcc/arm-none-eabi/12.3.1/../../../../arm-none-eabi/lib/thumb/v7e-m+fp/hard/libc_nano.a(libc_a-memset.o)
                0x08009718                memset
 .text.strncmp  0x08009728       0x24 /home/alpri/.platformio/packages/toolchain-gccarmnoneeabi/bin/../lib/gcc/arm-none-eabi/12.3.1/../../../../arm-none-eabi/lib/thumb/v7e-m+fp/hard/libc_nano.a(libc_a-strncmp.o)
                0x08009728                strncmp
 .text.strncpy  0x0800974c       0x26 /home/alpri/.platformio/packages/toolchain-gccarmnoneeabi/bin/../lib/gcc/arm-none-eabi/12.3.1/../../../../arm-none-eabi/lib/thumb/v7e-m+fp/hard/libc_nano.a(libc_a-strncpy.o)
                0x0800974c                strncpy
 .text.strnlen  0x08009772       0x18 /home/alpri/.platformio/packages/toolchain-gccarmnoneeabi/bin/../lib/gcc/arm-none-eabi/12.3.1/../../../../arm-none-eabi/lib/thumb/v7e-m+fp/hard/libc_nano.a(libc_a-strnlen.o)
                0x08009772                strnlen
 .text._raise_r
                0x0800978a       0x50 /home/alpri/.platformio/packages/toolchain-gccarmnoneeabi/bin/../lib/gcc/arm-none-eabi/12.3.1/../../../../arm-none-eabi/lib/thumb/v7e-m+fp/hard/libc_nano.a(libc_a-signal.o)
                0x0800978a                _raise_r
 *fill*         0x080097da        0x2 
 .text.raise    0x080097dc       0x10 /home/alpri/.platformio/packages/toolchain-gccarmnoneeabi/bin/../lib/gcc/arm-none-eabi/12.3.1/../../../../arm-none-eabi/lib/thumb/v7e-m+fp/hard/libc_nano.a(libc_a-signal.o)
                0x080097dc                raise
 .text._kill_r  0x080097ec       0x24 /home/alpri/.platformio/packages/toolchain-gccarmnoneeabi/bin/../lib/gcc/arm-none-eabi/12.3.1/../../../../arm-none-eabi/lib/thumb/v7e-m+fp/hard/libc_nano.a(libc_a-signalr.o)
                0x080097ec                _kill_r
 .text._getpid_r
                0x08009810        0x4 /home/alpri/.platformio/packages/toolchain-gccarmnoneeabi/bin/../lib/gcc/arm-none-eabi/12.3.1/../../../../arm-none-eabi/lib/thumb/v7e-m+fp/hard/libc_nano.a(libc_a-signalr.o)
                0x08009810                _getpid_r
 .text._sbrk_r  0x08009814       0x20 /home/alpri/.platformio/packages/toolchain-gccarmnoneeabi/bin/../lib/gcc/arm-none-eabi/12.3.1/../../../../arm-none-eabi/lib/thumb/v7e-m+fp/hard/libc_nano.a(libc_a-sbrkr.o)
                0x08009814                _sbrk_r
 .text.__libc_init_array
                0x08009834       0x48 /home/alpri/.platformio/packages/toolchain-gccarmnoneeabi/bin/../lib/gcc/arm-none-eabi/12.3.1/../../../../arm-none-eabi/lib/thumb/v7e-m+fp/hard/libc_nano.a(libc_a-init.o)
                0x08009834                __libc_init_array
 .text.__retarget_lock_acquire_recursive
                0x0800987c        0x2 /home/alpri/.platformio/packages/toolchain-gccarmnoneeabi/bin/../lib/gcc/arm-none-eabi/12.3.1/../../../../arm-none-eabi/lib/thumb/v7e-m+fp/hard/libc_nano.a(libc_a-lock.o)
                0x0800987c                __retarget_lock_acquire_recursive
 .text.__retarget_lock_release_recursive
                0x0800987e        0x2 /home/alpri/.platformio/packages/toolchain-gccarmnoneeabi/bin/../lib/gcc/arm-none-eabi/12.3.1/../../../../arm-none-eabi/lib/thumb/v7e-m+fp/hard/libc_nano.a(libc_a-lock.o)
                0x0800987e                __retarget_lock_release_recursive
 .text.strcpy   0x08009880       0x10 /home/alpri/.platformio/packages/toolchain-gccarmnoneeabi/bin/../lib/gcc/arm-none-eabi/12.3.1/../../../../arm-none-eabi/lib/thumb/v7e-m+fp/hard/libc_nano.a(libc_a-strcpy.o)
                0x08009880                strcpy
 .text.memcpy   0x08009890       0x1c /home/alpri/.platformio/packages/toolchain-gccarmnoneeabi/bin/../lib/gcc/arm-none-eabi/12.3.1/../../../../arm-none-eabi/lib/thumb/v7e-m+fp/hard/libc_nano.a(libc_a-memcpy-stub.o)
                0x08009890                memcpy
 .text._free_r  0x080098ac       0x94 /home/alpri/.platformio/packages/toolchain-gccarmnoneeabi/bin/../lib/gcc/arm-none-eabi/12.3.1/../../../../arm-none-eabi/lib/thumb/v7e-m+fp/hard/libc_nano.a(libc_a-freer.o)
                0x080098ac                _free_r
 .text._malloc_usable_size_r
                0x08009940       0x10 /home/alpri/.platformio/packages/toolchain-gccarmnoneeabi/bin/../lib/gcc/arm-none-eabi/12.3.1/../../../../arm-none-eabi/lib/thumb/v7e-m+fp/hard/libc_nano.a(libc_a-msizer.o)
                0x08009940                _malloc_usable_size_r
 .text.__ssputs_r
                0x08009950       0xb6 /home/alpri/.platformio/packages/toolchain-gccarmnoneeabi/bin/../lib/gcc/arm-none-eabi/12.3.1/../../../../arm-none-eabi/lib/thumb/v7e-m+fp/hard/libc_nano.a(libc_a-nano-svfprintf.o)
                0x08009950                __ssputs_r
 *fill*         0x08009a06        0x2 
 .text._svfprintf_r
                0x08009a08      0x1f8 /home/alpri/.platformio/packages/toolchain-gccarmnoneeabi/bin/../lib/gcc/arm-none-eabi/12.3.1/../../../../arm-none-eabi/lib/thumb/v7e-m+fp/hard/libc_nano.a(libc_a-nano-svfprintf.o)
                0x08009a08                _svfprintf_r
                0x08009a08                _svfiprintf_r
 .text._printf_common
                0x08009c00       0xda /home/alpri/.platformio/packages/toolchain-gccarmnoneeabi/bin/../lib/gcc/arm-none-eabi/12.3.1/../../../../arm-none-eabi/lib/thumb/v7e-m+fp/hard/libc_nano.a(libc_a-nano-vfprintf_i.o)
                0x08009c00                _printf_common
 *fill*         0x08009cda        0x2 
 .text._printf_i
                0x08009cdc      0x258 /home/alpri/.platformio/packages/toolchain-gccarmnoneeabi/bin/../lib/gcc/arm-none-eabi/12.3.1/../../../../arm-none-eabi/lib/thumb/v7e-m+fp/hard/libc_nano.a(libc_a-nano-vfprintf_i.o)
                0x08009cdc                _printf_i
 *(.glue_7)
 .glue_7        0x08009f34        0x0 linker stubs
 *(.glue_7t)
 .glue_7t       0x08009f34        0x0 linker stubs
 *(.eh_frame)
 .eh_frame      0x08009f34        0x0 /home/alpri/.platformio/packages/toolchain-gccarmnoneeabi/bin/../lib/gcc/arm-none-eabi/12.3.1/thumb/v7e-m+fp/hard/crtbegin.o
 *(.init)
 .init          0x08009f34        0x4 /home/alpri/.platformio/packages/toolchain-gccarmnoneeabi/bin/../lib/gcc/arm-none-eabi/12.3.1/thumb/v7e-m+fp/hard/crti.o
                0x08009f34                _init
 .init          0x08009f38        0x8 /home/alpri/.platformio/packages/toolchain-gccarmnoneeabi/bin/../lib/gcc/arm-none-eabi/12.3.1/thumb/v7e-m+fp/hard/crtn.o
 *(.fini)
 .fini          0x08009f40        0x4 /home/alpri/.platformio/packages/toolchain-gccarmnoneeabi/bin/../lib/gcc/arm-none-eabi/12.3.1/thumb/v7e-m+fp/hard/crti.o
                0x08009f40                _fini
 .fini          0x08009f44        0x8 /home/alpri/.platformio/packages/toolchain-gccarmnoneeabi/bin/../lib/gcc/arm-none-eabi/12.3.1/thumb/v7e-m+fp/hard/crtn.o
                0x08009f4c                        . = ALIGN (0x4)
                0x08009f4c                        _etext = .

.vfp11_veneer   0x08009f4c        0x0
 .vfp11_veneer  0x08009f4c        0x0 linker stubs

.v4_bx          0x08009f4c        0x0
 .v4_bx         0x08009f4c        0x0 linker stubs

.iplt           0x08009f4c        0x0
 .iplt          0x08009f4c        0x0 /home/alpri/.platformio/packages/toolchain-gccarmnoneeabi/bin/../lib/gcc/arm-none-eabi/12.3.1/thumb/v7e-m+fp/hard/crtbegin.o

.rodata         0x08009f4c      0xedc
                0x08009f4c                        . = ALIGN (0x4)
 *(.rodata)
 .rodata        0x08009f4c       0x10 C:/pio_build/els-7e2-lcd2004/black_f407ze/lib0ae/libLiquidCrystal_I2C.a(LiquidCrystal_I2C.cpp.o)
 *(.rodata*)
 .rodata.PinMap_UART_RX
                0x08009f5c       0x9c C:/pio_build/els-7e2-lcd2004/black_f407ze/FrameworkArduinoVariant/PeripheralPins_BLACK_F407ZX.c.o
                0x08009f5c                PinMap_UART_RX
 .rodata.PinMap_UART_TX
                0x08009ff8       0x9c C:/pio_build/els-7e2-lcd2004/black_f407ze/FrameworkArduinoVariant/PeripheralPins_BLACK_F407ZX.c.o
                0x08009ff8                PinMap_UART_TX
 .rodata.PinMap_TIM
                0x0800a094      0x36c C:/pio_build/els-7e2-lcd2004/black_f407ze/FrameworkArduinoVariant/PeripheralPins_BLACK_F407ZX.c.o
                0x0800a094                PinMap_TIM
 .rodata.PinMap_I2C_SCL
                0x0800a400       0x48 C:/pio_build/els-7e2-lcd2004/black_f407ze/FrameworkArduinoVariant/PeripheralPins_BLACK_F407ZX.c.o
                0x0800a400                PinMap_I2C_SCL
 .rodata.PinMap_I2C_SDA
                0x0800a448       0x48 C:/pio_build/els-7e2-lcd2004/black_f407ze/FrameworkArduinoVariant/PeripheralPins_BLACK_F407ZX.c.o
                0x0800a448                PinMap_I2C_SDA
 .rodata.PinMap_DAC
                0x0800a490       0x24 C:/pio_build/els-7e2-lcd2004/black_f407ze/FrameworkArduinoVariant/PeripheralPins_BLACK_F407ZX.c.o
                0x0800a490                PinMap_DAC
 .rodata.PinMap_ADC
                0x0800a4b4      0x210 C:/pio_build/els-7e2-lcd2004/black_f407ze/FrameworkArduinoVariant/PeripheralPins_BLACK_F407ZX.c.o
                0x0800a4b4                PinMap_ADC
 .rodata.analogInputPin
                0x0800a6c4       0x4c C:/pio_build/els-7e2-lcd2004/black_f407ze/FrameworkArduinoVariant/variant_BLACK_F407ZX.cpp.o
                0x0800a6c4                analogInputPin
 .rodata.digitalPin
                0x0800a710      0x1b8 C:/pio_build/els-7e2-lcd2004/black_f407ze/FrameworkArduinoVariant/variant_BLACK_F407ZX.cpp.o
                0x0800a710                digitalPin
 .rodata.pin_map_ll
                0x0800a8c8       0x40 C:/pio_build/els-7e2-lcd2004/black_f407ze/SrcWrapper/src/stm32/pinmap.c.o
                0x0800a8c8                pin_map_ll
 .rodata.APBPrescTable
                0x0800a908        0x8 C:/pio_build/els-7e2-lcd2004/black_f407ze/SrcWrapper/src/stm32/system_stm32yyxx.c.o
                0x0800a908                APBPrescTable
 .rodata.AHBPrescTable
                0x0800a910       0x10 C:/pio_build/els-7e2-lcd2004/black_f407ze/SrcWrapper/src/stm32/system_stm32yyxx.c.o
                0x0800a910                AHBPrescTable
 .rodata.CSWTCH.250
                0x0800a920        0x4 C:/pio_build/els-7e2-lcd2004/black_f407ze/src/els_afeed.cpp.o
 .rodata._ZL5kQuad
                0x0800a924       0x10 C:/pio_build/els-7e2-lcd2004/black_f407ze/src/linear_encoders.cpp.o
 .rodata._ZL13makeHwItemRowhPc.str1.1
                0x0800a934       0x1a C:/pio_build/els-7e2-lcd2004/black_f407ze/src/main.cpp.o
                                 0x1c (size before relaxing)
 .rodata._ZL8makeRow2Pc.str1.1
                0x0800a94e        0xc C:/pio_build/els-7e2-lcd2004/black_f407ze/src/main.cpp.o
 .rodata._ZL13updateDisplayv.str1.1
                0x0800a95a       0xd6 C:/pio_build/els-7e2-lcd2004/black_f407ze/src/main.cpp.o
 .rodata.str1.1
                0x0800aa30       0xf0 C:/pio_build/els-7e2-lcd2004/black_f407ze/src/main.cpp.o
                                 0xf5 (size before relaxing)
 .rodata.CSWTCH.595
                0x0800ab20        0xc C:/pio_build/els-7e2-lcd2004/black_f407ze/src/main.cpp.o
 .rodata.CSWTCH.593
                0x0800ab2c       0x1c C:/pio_build/els-7e2-lcd2004/black_f407ze/src/main.cpp.o
 .rodata._ZL9kHandQuad
                0x0800ab48       0x10 C:/pio_build/els-7e2-lcd2004/black_f407ze/src/main.cpp.o
 .rodata._ZL10kHwStepMul
                0x0800ab58        0x6 C:/pio_build/els-7e2-lcd2004/black_f407ze/src/main.cpp.o
 .rodata._ZL9MODE_PINS
                0x0800ab5e        0x8 C:/pio_build/els-7e2-lcd2004/black_f407ze/src/main.cpp.o
 *fill*         0x0800ab66        0x2 
 .rodata._ZL8kHwItems
                0x0800ab68      0x21c C:/pio_build/els-7e2-lcd2004/black_f407ze/src/main.cpp.o
 .rodata._ZTV7TwoWire
                0x0800ad84       0x2c C:/pio_build/els-7e2-lcd2004/black_f407ze/lib302/libWire.a(Wire.cpp.o)
                0x0800ad84                vtable for TwoWire
 .rodata._ZTV17LiquidCrystal_I2C
                0x0800adb0       0x18 C:/pio_build/els-7e2-lcd2004/black_f407ze/lib0ae/libLiquidCrystal_I2C.a(LiquidCrystal_I2C.cpp.o)
                0x0800adb0                vtable for LiquidCrystal_I2C
 .rodata._ZTV14HardwareSerial
                0x0800adc8       0x2c C:/pio_build/els-7e2-lcd2004/black_f407ze/libFrameworkArduino.a(HardwareSerial.cpp.o)
                0x0800adc8                vtable for HardwareSerial
 .rodata._svfprintf_r.str1.1
                0x0800adf4       0x11 /home/alpri/.platformio/packages/toolchain-gccarmnoneeabi/bin/../lib/gcc/arm-none-eabi/12.3.1/../../../../arm-none-eabi/lib/thumb/v7e-m+fp/hard/libc_nano.a(libc_a-nano-svfprintf.o)
 .rodata._printf_i.str1.1
                0x0800ae05       0x22 /home/alpri/.platformio/packages/toolchain-gccarmnoneeabi/bin/../lib/gcc/arm-none-eabi/12.3.1/../../../../arm-none-eabi/lib/thumb/v7e-m+fp/hard/libc_nano.a(libc_a-nano-vfprintf_i.o)
                0x0800ae28                        . = ALIGN (0x4)
 *fill*         0x0800ae27        0x1 

.ARM.extab      0x0800ae28        0x0
                0x0800ae28                        . = ALIGN (0x4)
 *(.ARM.extab* .gnu.linkonce.armextab.*)
                0x0800ae28                        . = ALIGN (0x4)

.ARM            0x0800ae28        0x8
                0x0800ae28                        . = ALIGN (0x4)
                0x0800ae28                        __exidx_start = .
 *(.ARM.exidx*)
 .ARM.exidx     0x0800ae28        0x8 /home/alpri/.platformio/packages/toolchain-gccarmnoneeabi/bin/../lib/gcc/arm-none-eabi/12.3.1/../../../../arm-none-eabi/lib/thumb/v7e-m+fp/hard/libc_nano.a(libc_a-strlen.o)
 .ARM.exidx     0x0800ae30        0x0 /home/alpri/.platformio/packages/toolchain-gccarmnoneeabi/bin/../lib/gcc/arm-none-eabi/12.3.1/../../../../arm-none-eabi/lib/thumb/v7e-m+fp/hard/libc_nano.a(libc_a-memchr.o)
                                  0x8 (size before relaxing)
 .ARM.exidx.text.__udivmoddi4
                0x0800ae30        0x0 /home/alpri/.platformio/packages/toolchain-gccarmnoneeabi/bin/../lib/gcc/arm-none-eabi/12.3.1/thumb/v7e-m+fp/hard/libgcc.a(_udivmoddi4.o)
                                  0x8 (size before relaxing)
                0x0800ae30                        __exidx_end = .
                0x0800ae30                        . = ALIGN (0x4)

.preinit_array  0x0800ae30        0x0
                0x0800ae30                        . = ALIGN (0x4)
                0x0800ae30                        PROVIDE (__preinit_array_start = .)
 *(.preinit_array*)
                0x0800ae30                        PROVIDE (__preinit_array_end = .)
                0x0800ae30                        . = ALIGN (0x4)

.init_array     0x0800ae30       0x18
                0x0800ae30                        . = ALIGN (0x4)
                0x0800ae30                        PROVIDE (__init_array_start = .)
 *(SORT_BY_NAME(.init_array.*))
 .init_array.00101
                0x0800ae30        0x4 C:/pio_build/els-7e2-lcd2004/black_f407ze/libFrameworkArduino.a(main.cpp.o)
 *(.init_array*)